[Licensing::Module] Trying to connect to existing licensing client channel...
Built from '6000.6/respin/6000.6.0f1-fa21a270ab12' branch; Version is '6000.6.0f1 (f7f8ed4d1e24) revision 16251117'; Using compiler version '194234433'; Build Type 'Release'
[Licensing::IpcConnector] Successfully connected to: "LicenseClient-doria" at "2026-09-20T15:17:33.4940517Z"
OS: 'Windows 11  (10.0.26200) Professional' Language: 'en' Physical Memory: 16059 MB
BatchMode: 1, IsHumanControllingUs: 0, StartBugReporterOnCrash: 0, Is64bit: 1
System  architecture: x64
Process architecture: x64
Date: 2026-09-20T15:17:33Z
[Licensing::Client] Code 10 while verifying Licensing Client signature (process Id: 28304, path: "C:/Program Files/Unity Hub/UnityLicensingClient_V1/Unity.Licensing.Client.exe")
[Licensing::Module] LicensingClient has failed validation; ignoring
[Licensing::Client] Handshaking with LicensingClient:
  Version:                 1.18.3+d7ffd15
  Session Id:              00047870c9d248a299a4d171d2023cb5
  Correlation Id:          63aced60d37697a7e8c82ee6a024781b
  External correlation Id: 767762577257744322
  Machine Id:              I5OkDT2zQEDfBdwoIMoXqrFtd30=
[Licensing::Module] Successfully connected to LicensingClient on channel: "LicenseClient-doria" (connect: 0.00s, validation: 0.01s, handshake: 0.07s)
[Licensing::IpcConnector] Successfully connected to: "LicenseClient-doria-notifications" at "2026-09-20T15:17:33.572903Z"
[Licensing::Module] Licensing Background thread has ended after 0.08s

COMMAND LINE ARGUMENTS:
C:\Program Files\Unity\Hub\Editor\6000.6.0f1\Editor\Unity.exe
-adb2
-batchMode
-noUpm
-name
AssetImportWorkerHW1
-projectPath
C:/Users/doria/Documents/Game Dev Term 3/Game Programming 2/Demos/Vector Demo
-logFile
Logs/AssetImportWorkerHW1.log
-srvPort
55264
-parentPid
17340
-analyticsCloudUserId
3573470352323
-analyticsCloudProjectId
f10b0815-bef3-4252-9025-1b17cb0d9ae1
-analyticsLocalProjectId
5651ec62162f327429228a03077507e9
-editorAnalyticsEnabled
1
-cbmEditorLicense
9ebb1d79818f9c7200e47aec10e411cea4cdb493
-cbmMachineId
I5OkDT2zQEDfBdwoIMoXqrFtd30=
-licensingIpc
LicenseClient-doria
-noDiagnosticSwitchPersistentStore
-job-worker-count
5
-background-job-worker-count
8
-asset-garbage-collectors
1
-force-d3d12
-name
AssetImport
Successfully changed project path to: C:/Users/doria/Documents/Game Dev Term 3/Game Programming 2/Demos/Vector Demo
C:/Users/doria/Documents/Game Dev Term 3/Game Programming 2/Demos/Vector Demo
[UnityMemory] Configuration Parameters - Can be set up in boot.config
    "memorysetup-temp-allocator-size-gi-baking-worker=262144"
    "memorysetup-temp-allocator-size-gi-baking-worker=262144"
    "memorysetup-temp-allocator-size-gi-baking-worker=262144"
    "memorysetup-temp-allocator-size-gi-baking-worker=262144"
    "memorysetup-temp-allocator-size-gi-baking-worker=262144"
    "memorysetup-temp-allocator-size-nav-mesh-worker=65536"
    "memorysetup-temp-allocator-size-audio-worker=65536"
    "memorysetup-temp-allocator-size-cloud-worker=32768"
    "memorysetup-temp-allocator-size-gfx=262144"
    "memorysetup-remapper-allocator-initial-capacity=32768"
    "memorysetup-temp-allocator-size-preload-manager=33554432"
    "memorysetup-allocator-temp-initial-block-size-main=262144"
    "memorysetup-allocator-temp-initial-block-size-worker=262144"
    "memorysetup-temp-allocator-size-job-worker=262144"
    "memorysetup-temp-allocator-size-background-worker=32768"
    "memorysetup-bucket-allocator-granularity=16"
    "memorysetup-bucket-allocator-bucket-count=8"
    "memorysetup-bucket-allocator-block-size=33554432"
    "memorysetup-bucket-allocator-block-count=8"
    "memorysetup-main-allocator-block-size=16777216"
    "memorysetup-thread-allocator-block-size=16777216"
    "memorysetup-main-allocator-mimalloc-enabled=1"
    "memorysetup-gfx-main-allocator-block-size=16777216"
    "memorysetup-gfx-thread-allocator-block-size=16777216"
    "memorysetup-cache-allocator-block-size=4194304"
    "memorysetup-typetree-allocator-block-size=2097152"
    "memorysetup-profiler-bucket-allocator-granularity=16"
    "memorysetup-profiler-bucket-allocator-bucket-count=8"
    "memorysetup-profiler-bucket-allocator-block-size=33554432"
    "memorysetup-profiler-bucket-allocator-block-count=8"
    "memorysetup-profiler-allocator-block-size=16777216"
    "memorysetup-profiler-editor-allocator-block-size=1048576"
    "memorysetup-temp-allocator-size-main=16777216"
    "memorysetup-job-temp-allocator-block-size=2097152"
    "memorysetup-job-temp-allocator-block-size-background=1048576"
    "memorysetup-job-temp-allocator-reduction-small-platforms=262144"
Player connection [3636]  Target information:

Player connection [3636]  * "[IP] 10.0.0.196 [Port] 0 [Flags] 2 [Guid] 22406005 [EditorId] 22406005 [Version] 1048832 [Id] WindowsEditor(7,Death_Star_II) [Debug] 1 [PackageName] WindowsEditor [ProjectName] Editor" 

Player connection [3636] Host joined multi-casting on [225.0.0.222:54997]...
Player connection [3636] Host joined alternative multi-casting on [225.0.0.222:34997]...
JobSystem: Creating JobQueue using job-worker-count value 5
Input System module state changed to: Initialized.
[Physics::Module] Initialized fallback backend.
[Physics::Module] Id: 0xdecafbad
Library Redirect Path: Library/
Initialising UDS system complete:
  - System type: Client
  - Resource namespace: fd29eeda4578b9e8c90a5dc8a77757db
  - Shared memory size: 1073741824
  - Command buffer id: 1052576
  - Command buffer size: 8192
  - Hashmap size: 4194304
  - Service connected: true
  - Service working directory: Library/DataStore/
[Physics::Module] Selected backend.
[Physics::Module] Name: PhysX
[Physics::Module] Id: 0xf2b8ea05
[Physics::Module] SDK Version: 4.1.2
[Physics::Module] Integration Version: 1.0.0
[Physics::Module] Threading Mode: Multi-Threaded
Refreshing native plugins compatible for Editor in 7.50 ms, found 5 plugins.
Preloading 1 native plugins for Editor in 4.18 ms.
Initialize engine version: 6000.6.0f1 (f7f8ed4d1e24)
[EntityIdStore] init: VM path (explicit commit), pageSize=4096, blockCount=1048576, entitiesPerBlock=256, slots reserved=4294967296 bytes
[Subsystems] Discovering subsystems at path C:/Program Files/Unity/Hub/Editor/6000.6.0f1/Editor/Data/Resources/UnitySubsystems
[Subsystems] Discovering subsystems at path C:/Users/doria/Documents/Game Dev Term 3/Game Programming 2/Demos/Vector Demo/Assets
Forcing GfxDevice: Direct3D 12
GfxDevice: creating device client; kGfxThreadingModeNonThreaded
d3d12: failed to query info queue interface (0x80004002).
Direct3D:
    Version:         Direct3D 12 [level 12.1]
    Renderer:        Intel(R) Iris(R) Xe Graphics (ID=0x46a8)
    Vendor:          Intel
    VRAM:            8029 MB
    App VRAM Budget: 7372 MB
    Driver:          32.0.101.7085
    Unified Memory Architecture
    Cache Coherent UMA
Initialize mono
Mono path[0] = 'C:/Program Files/Unity/Hub/Editor/6000.6.0f1/Editor/Data/Managed'
Mono path[1] = 'C:/Program Files/Unity/Hub/Editor/6000.6.0f1/Editor/Data/BCLExtensions/runtime/netstandard2.1'
Mono path[2] = 'C:/Program Files/Unity/Hub/Editor/6000.6.0f1/Editor/Data/MonoBleedingEdge/lib/mono/unityjit-win32'
Mono config path = 'C:/Program Files/Unity/Hub/Editor/6000.6.0f1/Editor/Data/MonoBleedingEdge/etc'
Using monoOptions --debugger-agent=transport=dt_socket,embedding=1,server=y,suspend=n,address=127.0.0.1:56432
CodeReloadManager initialized
Begin MonoManager ReloadAssembly
Registering precompiled unity dll's ...
Register platform support module: C:/Program Files/Unity/Hub/Editor/6000.6.0f1/Editor/Data/PlaybackEngines/WindowsStandaloneSupport/UnityEditor.WindowsStandalone.Extensions.dll
Registered in 0.005584 seconds.
Native extension for WindowsStandalone target not found
Package Manager log level set to [2]
[Package Manager] Failed to launch server process. Reason: Unity was launched with the -noUpm command-line argument
[Package Manager] Unable to send message (not connected to server process).
[Package Manager] Cannot connect to Unity Package Manager local server
ScheduleIndexationOnStartup MainProcess:False IndexOnStartup:True
Scripting: successfully reloaded assembly
- Finished resetting the current domain, in  5.663 seconds
Domain Reload Profiling: 9700ms
	BeginReloadAssembly (441ms)
		CreateAndSetChildDomain (3ms)
	RebuildCommonClasses (15ms)
	RebuildNativeTypeToScriptingClass (47ms)
	initialDomainReloadingComplete (169ms)
	LoadAllAssembliesAndSetupDomain (3362ms)
		LoadAssemblies (430ms)
		TypeCache.Refresh (1607ms)
			TypeCache.ScanAssembly (1534ms)
		AnalyzeDomain (2ms)
	FinalizeReload (5666ms)
		SetupLoadedEditorAssemblies (0ms)
			LogAssemblyErrors (7ms)
			InitializePlatformSupportModulesInManaged (8ms)
			BeforeProcessingInitializeOnLoad (1743ms)
			ProcessInitializeOnLoadAttributes (368ms)
			ProcessInitializeOnLoadMethodAttributes (1188ms)
Initializing Unity extensions:
[Licensing::Client] Successfully resolved entitlement details
[Licensing::Module] License group:
  Id: 3573470352323-UnityPersXXXX
  Product: Unity Personal
  Type: Assigned
  Expiration: Unlimited
========================================================================
Worker process is ready to serve import requests
Import Worker Mode flag is 0x00
Begin MonoManager ReloadAssembly
Symbol file LoadedFromMemory is not a mono symbol file
'Packages/com.unity.render-pipelines.core/Editor/Deprecated.cs' contains partial class of Unity.Object, exactly 1 of the partial classes needs to be in a file with the same filename. This is to know the one that can be referenced from ie. GameObjects
'Packages/com.unity.render-pipelines.core/Editor/Deprecated.cs' contains partial class of Unity.Object, exactly 1 of the partial classes needs to be in a file with the same filename. This is to know the one that can be referenced from ie. GameObjects
Refreshing native plugins compatible for Editor in 49.73 ms, found 5 plugins.
Native extension for WindowsStandalone target not found
[Package Manager] Failed to launch server process. Reason: Unity was launched with the -noUpm command-line argument
[Package Manager] Unable to send message (not connected to server process).
[Package Manager] Cannot connect to Unity Package Manager local server
Refreshing native plugins compatible for Editor in 7.94 ms, found 5 plugins.
[Package Manager] Failed to launch server process. Reason: Unity was launched with the -noUpm command-line argument
[Package Manager] Unable to send message (not connected to server process).
[Package Manager] Cannot connect to Unity Package Manager local server
ScheduleIndexationOnStartup MainProcess:False IndexOnStartup:True
Scripting: successfully reloaded assembly
- Finished resetting the current domain, in  4.338 seconds
Domain Reload Profiling: 8351ms
	BeginReloadAssembly (832ms)
		DisableScriptedObjects (53ms)
		CreateAndSetChildDomain (107ms)
	RebuildCommonClasses (26ms)
	RebuildNativeTypeToScriptingClass (56ms)
	initialDomainReloadingComplete (261ms)
	LoadAllAssembliesAndSetupDomain (2835ms)
		LoadAssemblies (1469ms)
		TypeCache.Refresh (936ms)
			TypeCache.ScanAssembly (851ms)
		AnalyzeDomain (343ms)
			BuildScriptInfoCaches (325ms)
			ResolveRequiredComponents (13ms)
	FinalizeReload (4341ms)
		SetupLoadedEditorAssemblies (0ms)
			LogAssemblyErrors (5ms)
			InitializePlatformSupportModulesInManaged (6ms)
			BeforeProcessingInitializeOnLoad (514ms)
			ProcessInitializeOnLoadAttributes (1242ms)
			ProcessInitializeOnLoadMethodAttributes (1283ms)
			AfterProcessingInitializeOnLoad (23ms)
			EditorAssembliesLoaded (9ms)
		AwakeInstancesAfterBackupRestoration (30ms)
AcceleratorClientConnectionCallback - disconnected - :0
Launched and connected shader compiler UnityShaderCompiler.exe after 0.06 seconds
Refreshing native plugins compatible for Editor in 7.10 ms, found 5 plugins.
Unloading 61 Unused Serialized files (Serialized files now loaded: 0)
Unloading 7702 unused Assets / (10.7 MB). Loaded Objects now: 8540.
Memory consumption went from 374.9 MB to 364.2 MB.
Total: 28.352500 ms (FindLiveObjects: 3.501600 ms CreateObjectMapping: 1.299800 ms MarkObjects: 16.917100 ms  DeleteObjects: 6.000000 ms)

========================================================================
Received Prepare
AcceleratorClientConnectionCallback - disconnected - :0
[Licensing::Client] Successfully resolved entitlement details
Begin MonoManager ReloadAssembly
Symbol file LoadedFromMemory is not a mono symbol file
'Packages/com.unity.render-pipelines.core/Editor/Deprecated.cs' contains partial class of Unity.Object, exactly 1 of the partial classes needs to be in a file with the same filename. This is to know the one that can be referenced from ie. GameObjects
'Packages/com.unity.render-pipelines.core/Editor/Deprecated.cs' contains partial class of Unity.Object, exactly 1 of the partial classes needs to be in a file with the same filename. This is to know the one that can be referenced from ie. GameObjects
Refreshing native plugins compatible for Editor in 26.39 ms, found 5 plugins.
Native extension for WindowsStandalone target not found
[Package Manager] Failed to launch server process. Reason: Unity was launched with the -noUpm command-line argument
[Package Manager] Unable to send message (not connected to server process).
[Package Manager] Cannot connect to Unity Package Manager local server
Refreshing native plugins compatible for Editor in 25.23 ms, found 5 plugins.
[Package Manager] Failed to launch server process. Reason: Unity was launched with the -noUpm command-line argument
[Package Manager] Unable to send message (not connected to server process).
[Package Manager] Cannot connect to Unity Package Manager local server
ScheduleIndexationOnStartup MainProcess:False IndexOnStartup:True
Scripting: successfully reloaded assembly
- Finished resetting the current domain, in  5.001 seconds
Domain Reload Profiling: 11543ms
	BeginReloadAssembly (2370ms)
		DisableScriptedObjects (167ms)
		CreateAndSetChildDomain (269ms)
	RebuildCommonClasses (57ms)
	RebuildNativeTypeToScriptingClass (96ms)
	initialDomainReloadingComplete (329ms)
	LoadAllAssembliesAndSetupDomain (3685ms)
		LoadAssemblies (2286ms)
		TypeCache.Refresh (59ms)
		AnalyzeDomain (1382ms)
			BuildScriptInfoCaches (1323ms)
			ResolveRequiredComponents (46ms)
	FinalizeReload (5005ms)
		SetupLoadedEditorAssemblies (0ms)
			LogAssemblyErrors (9ms)
			InitializePlatformSupportModulesInManaged (5ms)
			BeforeProcessingInitializeOnLoad (582ms)
			ProcessInitializeOnLoadAttributes (1320ms)
			ProcessInitializeOnLoadMethodAttributes (1634ms)
			AfterProcessingInitializeOnLoad (29ms)
			EditorAssembliesLoaded (5ms)
		AwakeInstancesAfterBackupRestoration (112ms)
Refreshing native plugins compatible for Editor in 23.80 ms, found 5 plugins.
Unloading 59 Unused Serialized files (Serialized files now loaded: 0)
Unloading 7699 unused Assets / (9.3 MB). Loaded Objects now: 8646.
Memory consumption went from 388.8 MB to 379.5 MB.
Total: 45.491400 ms (FindLiveObjects: 5.543100 ms CreateObjectMapping: 4.045600 ms MarkObjects: 26.954200 ms  DeleteObjects: 8.067500 ms)

Prepare: number of updated asset objects reloaded= 0
========================================================================
Received Prepare
AcceleratorClientConnectionCallback - disconnected - :0
[Licensing::Client] Successfully resolved entitlement details
Begin MonoManager ReloadAssembly
Symbol file LoadedFromMemory is not a mono symbol file
'Packages/com.unity.render-pipelines.core/Editor/Deprecated.cs' contains partial class of Unity.Object, exactly 1 of the partial classes needs to be in a file with the same filename. This is to know the one that can be referenced from ie. GameObjects
'Packages/com.unity.render-pipelines.core/Editor/Deprecated.cs' contains partial class of Unity.Object, exactly 1 of the partial classes needs to be in a file with the same filename. This is to know the one that can be referenced from ie. GameObjects
Refreshing native plugins compatible for Editor in 23.48 ms, found 5 plugins.
Native extension for WindowsStandalone target not found
[Package Manager] Failed to launch server process. Reason: Unity was launched with the -noUpm command-line argument
[Package Manager] Unable to send message (not connected to server process).
[Package Manager] Cannot connect to Unity Package Manager local server
Refreshing native plugins compatible for Editor in 9.40 ms, found 5 plugins.
[Package Manager] Failed to launch server process. Reason: Unity was launched with the -noUpm command-line argument
[Package Manager] Unable to send message (not connected to server process).
[Package Manager] Cannot connect to Unity Package Manager local server
ScheduleIndexationOnStartup MainProcess:False IndexOnStartup:True
Scripting: successfully reloaded assembly
- Finished resetting the current domain, in  4.480 seconds
Domain Reload Profiling: 13877ms
	BeginReloadAssembly (2320ms)
		DisableScriptedObjects (93ms)
		CreateAndSetChildDomain (791ms)
	RebuildCommonClasses (66ms)
	RebuildNativeTypeToScriptingClass (100ms)
	initialDomainReloadingComplete (2326ms)
	LoadAllAssembliesAndSetupDomain (4581ms)
		LoadAssemblies (2885ms)
		TypeCache.Refresh (57ms)
			TypeCache.ScanAssembly (3ms)
		AnalyzeDomain (1439ms)
			BuildScriptInfoCaches (1406ms)
			ResolveRequiredComponents (20ms)
	FinalizeReload (4484ms)
		SetupLoadedEditorAssemblies (0ms)
			LogAssemblyErrors (12ms)
			InitializePlatformSupportModulesInManaged (6ms)
			BeforeProcessingInitializeOnLoad (821ms)
			ProcessInitializeOnLoadAttributes (1182ms)
			ProcessInitializeOnLoadMethodAttributes (1250ms)
			AfterProcessingInitializeOnLoad (22ms)
			EditorAssembliesLoaded (5ms)
		AwakeInstancesAfterBackupRestoration (105ms)
Refreshing native plugins compatible for Editor in 8.76 ms, found 5 plugins.
Unloading 59 Unused Serialized files (Serialized files now loaded: 0)
Unloading 7699 unused Assets / (8.4 MB). Loaded Objects now: 8649.
Memory consumption went from 390.8 MB to 382.4 MB.
Total: 42.287000 ms (FindLiveObjects: 3.321200 ms CreateObjectMapping: 1.389600 ms MarkObjects: 27.494000 ms  DeleteObjects: 9.228200 ms)

Prepare: number of updated asset objects reloaded= 0
========================================================================
Received Prepare
AcceleratorClientConnectionCallback - disconnected - :0
Refreshing native plugins compatible for Editor in 4.86 ms, found 5 plugins.
Unloading 59 Unused Serialized files (Serialized files now loaded: 0)
Unloading 59 unused Assets / (5.3 MB). Loaded Objects now: 8649.
Memory consumption went from 386.4 MB to 381.1 MB.
Total: 19.568000 ms (FindLiveObjects: 1.685700 ms CreateObjectMapping: 0.500000 ms MarkObjects: 14.510600 ms  DeleteObjects: 2.363300 ms)

Prepare: number of updated asset objects reloaded= 0
Editor requested this worker to shutdown with reason: Editor is closing down
AssetImportWorkerClient::OnTransportError - code=2 error=End of file
AcceleratorClientConnectionCallback - disconnected - :0
AssetImportWorker is now disconnected from the server
Process exiting
[ExitDontLaunchBugReporter] Exiting without the bug reporter. Application will exit with return code 0
