[Licensing::Module] Trying to connect to existing licensing client channel...
Built from '6000.6/respin/6000.6.0f1-fa21a270ab12' branch; Version is '6000.6.0f1 (f7f8ed4d1e24) revision 16251117'; Using compiler version '194234433'; Build Type 'Release'
OS: 'Windows 11  (10.0.26200) Professional' Language: 'en' Physical Memory: 16059 MB
[Licensing::IpcConnector] Successfully connected to: "LicenseClient-doria" at "2026-09-17T02:09:55.5095749Z"
BatchMode: 1, IsHumanControllingUs: 0, StartBugReporterOnCrash: 0, Is64bit: 1
System  architecture: x64
Process architecture: x64
Date: 2026-09-17T02:09:55Z
[Licensing::Client] Code 10 while verifying Licensing Client signature (process Id: 28304, path: "C:/Program Files/Unity Hub/UnityLicensingClient_V1/Unity.Licensing.Client.exe")
[Licensing::Module] LicensingClient has failed validation; ignoring
[Licensing::Client] Handshaking with LicensingClient:
  Version:                 1.18.3+d7ffd15
  Session Id:              ffbcda27574c4a228baf0bfcb2da3f1b
  Correlation Id:          63aced60d37697a7e8c82ee6a024781b
  External correlation Id: 7711047378705824086
  Machine Id:              I5OkDT2zQEDfBdwoIMoXqrFtd30=
[Licensing::Module] Successfully connected to LicensingClient on channel: "LicenseClient-doria" (connect: 0.00s, validation: 0.00s, handshake: 0.07s)
[Licensing::IpcConnector] Successfully connected to: "LicenseClient-doria-notifications" at "2026-09-17T02:09:55.5808602Z"
[Licensing::Module] Licensing Background thread has ended after 0.07s

COMMAND LINE ARGUMENTS:
C:\Program Files\Unity\Hub\Editor\6000.6.0f1\Editor\Unity.exe
-adb2
-batchMode
-noUpm
-name
AssetImportWorkerHW3
-projectPath
C:/Users/doria/Documents/Game Dev Term 3/Game Programming 2/Demos/Vector Demo
-logFile
Logs/AssetImportWorkerHW3.log
-srvPort
64464
-parentPid
7436
-analyticsCloudUserId
3573470352323
-analyticsCloudProjectId
f10b0815-bef3-4252-9025-1b17cb0d9ae1
-analyticsLocalProjectId
5651ec62162f327429228a03077507e9
-editorAnalyticsEnabled
1
-cbmEditorLicense
9ebb1d79818f9c7200e47aec10e411cea4cdb493
-cbmMachineId
I5OkDT2zQEDfBdwoIMoXqrFtd30=
-licensingIpc
LicenseClient-doria
-noDiagnosticSwitchPersistentStore
-job-worker-count
5
-background-job-worker-count
8
-asset-garbage-collectors
1
-force-d3d12
-name
AssetImport
Successfully changed project path to: C:/Users/doria/Documents/Game Dev Term 3/Game Programming 2/Demos/Vector Demo
C:/Users/doria/Documents/Game Dev Term 3/Game Programming 2/Demos/Vector Demo
[UnityMemory] Configuration Parameters - Can be set up in boot.config
    "memorysetup-temp-allocator-size-gi-baking-worker=262144"
    "memorysetup-temp-allocator-size-gi-baking-worker=262144"
    "memorysetup-temp-allocator-size-gi-baking-worker=262144"
    "memorysetup-temp-allocator-size-gi-baking-worker=262144"
    "memorysetup-temp-allocator-size-gi-baking-worker=262144"
    "memorysetup-temp-allocator-size-nav-mesh-worker=65536"
    "memorysetup-temp-allocator-size-audio-worker=65536"
    "memorysetup-temp-allocator-size-cloud-worker=32768"
    "memorysetup-temp-allocator-size-gfx=262144"
    "memorysetup-remapper-allocator-initial-capacity=32768"
    "memorysetup-temp-allocator-size-preload-manager=33554432"
    "memorysetup-allocator-temp-initial-block-size-main=262144"
    "memorysetup-allocator-temp-initial-block-size-worker=262144"
    "memorysetup-temp-allocator-size-job-worker=262144"
    "memorysetup-temp-allocator-size-background-worker=32768"
    "memorysetup-bucket-allocator-granularity=16"
    "memorysetup-bucket-allocator-bucket-count=8"
    "memorysetup-bucket-allocator-block-size=33554432"
    "memorysetup-bucket-allocator-block-count=8"
    "memorysetup-main-allocator-block-size=16777216"
    "memorysetup-thread-allocator-block-size=16777216"
    "memorysetup-main-allocator-mimalloc-enabled=1"
    "memorysetup-gfx-main-allocator-block-size=16777216"
    "memorysetup-gfx-thread-allocator-block-size=16777216"
    "memorysetup-cache-allocator-block-size=4194304"
    "memorysetup-typetree-allocator-block-size=2097152"
    "memorysetup-profiler-bucket-allocator-granularity=16"
    "memorysetup-profiler-bucket-allocator-bucket-count=8"
    "memorysetup-profiler-bucket-allocator-block-size=33554432"
    "memorysetup-profiler-bucket-allocator-block-count=8"
    "memorysetup-profiler-allocator-block-size=16777216"
    "memorysetup-profiler-editor-allocator-block-size=1048576"
    "memorysetup-temp-allocator-size-main=16777216"
    "memorysetup-job-temp-allocator-block-size=2097152"
    "memorysetup-job-temp-allocator-block-size-background=1048576"
    "memorysetup-job-temp-allocator-reduction-small-platforms=262144"
Player connection [31576]  Target information:

Player connection [31576]  * "[IP] 10.0.0.196 [Port] 0 [Flags] 2 [Guid] 976619143 [EditorId] 976619143 [Version] 1048832 [Id] WindowsEditor(7,Death_Star_II) [Debug] 1 [PackageName] WindowsEditor [ProjectName] Editor" 

Player connection [31576] Host joined multi-casting on [225.0.0.222:54997]...
Player connection [31576] Host joined alternative multi-casting on [225.0.0.222:34997]...
JobSystem: Creating JobQueue using job-worker-count value 5
Input System module state changed to: Initialized.
[Physics::Module] Initialized fallback backend.
[Physics::Module] Id: 0xdecafbad
Library Redirect Path: Library/
Initialising UDS system complete:
  - System type: Client
  - Resource namespace: fd29eeda4578b9e8c90a5dc8a77757db
  - Shared memory size: 1073741824
  - Command buffer id: 1052576
  - Command buffer size: 8192
  - Hashmap size: 4194304
  - Service connected: true
  - Service working directory: Library/DataStore/
[Physics::Module] Selected backend.
[Physics::Module] Name: PhysX
[Physics::Module] Id: 0xf2b8ea05
[Physics::Module] SDK Version: 4.1.2
[Physics::Module] Integration Version: 1.0.0
[Physics::Module] Threading Mode: Multi-Threaded
Refreshing native plugins compatible for Editor in 6.45 ms, found 5 plugins.
Preloading 1 native plugins for Editor in 2.70 ms.
Initialize engine version: 6000.6.0f1 (f7f8ed4d1e24)
[EntityIdStore] init: VM path (explicit commit), pageSize=4096, blockCount=1048576, entitiesPerBlock=256, slots reserved=4294967296 bytes
[Subsystems] Discovering subsystems at path C:/Program Files/Unity/Hub/Editor/6000.6.0f1/Editor/Data/Resources/UnitySubsystems
[Subsystems] Discovering subsystems at path C:/Users/doria/Documents/Game Dev Term 3/Game Programming 2/Demos/Vector Demo/Assets
Forcing GfxDevice: Direct3D 12
GfxDevice: creating device client; kGfxThreadingModeNonThreaded
d3d12: failed to query info queue interface (0x80004002).
Direct3D:
    Version:         Direct3D 12 [level 12.1]
    Renderer:        Intel(R) Iris(R) Xe Graphics (ID=0x46a8)
    Vendor:          Intel
    VRAM:            8029 MB
    App VRAM Budget: 7372 MB
    Driver:          32.0.101.7085
    Unified Memory Architecture
    Cache Coherent UMA
Initialize mono
Mono path[0] = 'C:/Program Files/Unity/Hub/Editor/6000.6.0f1/Editor/Data/Managed'
Mono path[1] = 'C:/Program Files/Unity/Hub/Editor/6000.6.0f1/Editor/Data/BCLExtensions/runtime/netstandard2.1'
Mono path[2] = 'C:/Program Files/Unity/Hub/Editor/6000.6.0f1/Editor/Data/MonoBleedingEdge/lib/mono/unityjit-win32'
Mono config path = 'C:/Program Files/Unity/Hub/Editor/6000.6.0f1/Editor/Data/MonoBleedingEdge/etc'
Using monoOptions --debugger-agent=transport=dt_socket,embedding=1,server=y,suspend=n,address=127.0.0.1:56836
CodeReloadManager initialized
Begin MonoManager ReloadAssembly
Registering precompiled unity dll's ...
Register platform support module: C:/Program Files/Unity/Hub/Editor/6000.6.0f1/Editor/Data/PlaybackEngines/WindowsStandaloneSupport/UnityEditor.WindowsStandalone.Extensions.dll
Registered in 0.001234 seconds.
Native extension for WindowsStandalone target not found
Package Manager log level set to [2]
[Package Manager] Failed to launch server process. Reason: Unity was launched with the -noUpm command-line argument
[Package Manager] Unable to send message (not connected to server process).
[Package Manager] Cannot connect to Unity Package Manager local server
ScheduleIndexationOnStartup MainProcess:False IndexOnStartup:True
Scripting: successfully reloaded assembly
- Finished resetting the current domain, in  0.811 seconds
Domain Reload Profiling: 1341ms
	BeginReloadAssembly (123ms)
	RebuildCommonClasses (5ms)
	RebuildNativeTypeToScriptingClass (15ms)
	initialDomainReloadingComplete (64ms)
	LoadAllAssembliesAndSetupDomain (323ms)
		LoadAssemblies (119ms)
		TypeCache.Refresh (228ms)
			TypeCache.ScanAssembly (213ms)
		AnalyzeDomain (1ms)
	FinalizeReload (812ms)
		SetupLoadedEditorAssemblies (0ms)
			BeforeProcessingInitializeOnLoad (100ms)
			ProcessInitializeOnLoadAttributes (119ms)
			ProcessInitializeOnLoadMethodAttributes (493ms)
Initializing Unity extensions:
[Licensing::Client] Successfully resolved entitlement details
[Licensing::Module] License group:
  Id: 3573470352323-UnityPersXXXX
  Product: Unity Personal
  Type: Assigned
  Expiration: Unlimited
========================================================================
Worker process is ready to serve import requests
Import Worker Mode flag is 0x00
Begin MonoManager ReloadAssembly
Symbol file LoadedFromMemory is not a mono symbol file
'Packages/com.unity.render-pipelines.core/Editor/Deprecated.cs' contains partial class of Unity.Object, exactly 1 of the partial classes needs to be in a file with the same filename. This is to know the one that can be referenced from ie. GameObjects
'Packages/com.unity.render-pipelines.core/Editor/Deprecated.cs' contains partial class of Unity.Object, exactly 1 of the partial classes needs to be in a file with the same filename. This is to know the one that can be referenced from ie. GameObjects
Native extension for WindowsStandalone target not found
[Package Manager] Failed to launch server process. Reason: Unity was launched with the -noUpm command-line argument
[Package Manager] Unable to send message (not connected to server process).
[Package Manager] Cannot connect to Unity Package Manager local server
Refreshing native plugins compatible for Editor in 2.13 ms, found 5 plugins.
[Package Manager] Failed to launch server process. Reason: Unity was launched with the -noUpm command-line argument
[Package Manager] Unable to send message (not connected to server process).
[Package Manager] Cannot connect to Unity Package Manager local server
ScheduleIndexationOnStartup MainProcess:False IndexOnStartup:True
Scripting: successfully reloaded assembly
- Finished resetting the current domain, in  1.103 seconds
Domain Reload Profiling: 2099ms
	BeginReloadAssembly (210ms)
		DisableScriptedObjects (8ms)
		CreateAndSetChildDomain (29ms)
	RebuildCommonClasses (9ms)
	RebuildNativeTypeToScriptingClass (15ms)
	initialDomainReloadingComplete (64ms)
	LoadAllAssembliesAndSetupDomain (698ms)
		LoadAssemblies (369ms)
		TypeCache.Refresh (197ms)
			TypeCache.ScanAssembly (179ms)
		AnalyzeDomain (86ms)
			BuildScriptInfoCaches (79ms)
			ResolveRequiredComponents (5ms)
	FinalizeReload (1104ms)
		SetupLoadedEditorAssemblies (0ms)
			BeforeProcessingInitializeOnLoad (156ms)
			ProcessInitializeOnLoadAttributes (299ms)
			ProcessInitializeOnLoadMethodAttributes (261ms)
			AfterProcessingInitializeOnLoad (5ms)
		AwakeInstancesAfterBackupRestoration (7ms)
AcceleratorClientConnectionCallback - disconnected - :0
Launched and connected shader compiler UnityShaderCompiler.exe after 0.02 seconds
Refreshing native plugins compatible for Editor in 2.04 ms, found 5 plugins.
Unloading 61 Unused Serialized files (Serialized files now loaded: 0)
Unloading 7700 unused Assets / (9.0 MB). Loaded Objects now: 8538.
Memory consumption went from 375.3 MB to 366.3 MB.
Total: 11.297200 ms (FindLiveObjects: 1.396700 ms CreateObjectMapping: 0.511000 ms MarkObjects: 6.321400 ms  DeleteObjects: 2.752600 ms)

========================================================================
Received Prepare
AcceleratorClientConnectionCallback - disconnected - :0
Refreshing native plugins compatible for Editor in 2.45 ms, found 5 plugins.
Unloading 60 Unused Serialized files (Serialized files now loaded: 0)
Unloading 60 unused Assets / (5.5 MB). Loaded Objects now: 8538.
Memory consumption went from 366.2 MB to 360.7 MB.
Total: 13.873400 ms (FindLiveObjects: 1.146100 ms CreateObjectMapping: 0.315100 ms MarkObjects: 9.934600 ms  DeleteObjects: 2.096700 ms)

Prepare: number of updated asset objects reloaded= 0
========================================================================
Received Import Request.
  Time of request: 2026-09-17T02:10:05.9119379Z
  Time since last request: 149861.40577049998683 seconds.
  importAddress: GUID: 6665c4914d3f1fa4285d8a03ba5708b8 - Path: Assets/Scripts/State Machine Lab 2 - Importer: PreviewImporter
Importing 'GUID: 6665c4914d3f1fa4285d8a03ba5708b8 - Path: Assets/Scripts/State Machine Lab 2 - Importer: PreviewImporter' with importer (PreviewImporter)
Imported 'GUID: 6665c4914d3f1fa4285d8a03ba5708b8' -> (Import Result ID: '9ef333639a1686f549ccbfe4c88744ac') in 0.009 seconds [static and dynamic dependencies]. Details - ImportResultOutputID=ed98164b43e36cf8f8f6580ed637a4c3 DependenciesID=5ba034c1cbc315eb2028012643fdf27e StaticDependenciesID=8de0f870e7466283d3fa94d616de0243 
Number of updated asset objects reloaded before import = 0
Number of asset objects unloaded after import = 0
========================================================================
Received Prepare
AcceleratorClientConnectionCallback - disconnected - :0
'Packages/com.unity.render-pipelines.core/Editor/Deprecated.cs' contains partial class of Unity.Object, exactly 1 of the partial classes needs to be in a file with the same filename. This is to know the one that can be referenced from ie. GameObjects
'Packages/com.unity.render-pipelines.core/Editor/Deprecated.cs' contains partial class of Unity.Object, exactly 1 of the partial classes needs to be in a file with the same filename. This is to know the one that can be referenced from ie. GameObjects
Refreshing native plugins compatible for Editor in 4.09 ms, found 5 plugins.
Unloading 60 Unused Serialized files (Serialized files now loaded: 0)
Unloading 7678 unused Assets / (8.1 MB). Loaded Objects now: 8540.
Memory consumption went from 373.3 MB to 365.2 MB.
Total: 13.986500 ms (FindLiveObjects: 1.562100 ms CreateObjectMapping: 0.685700 ms MarkObjects: 8.747300 ms  DeleteObjects: 2.649000 ms)

Prepare: number of updated asset objects reloaded= 0
========================================================================
Received Import Request.
  Time of request: 2026-09-17T02:10:16.1383438Z
  Time since last request: 10.1999269 seconds.
  importAddress: GUID: dc746caef3dbbaa488a9e673c34522bf - Path: Assets/Scripts/State Machine Lab 2/ITransition.cs - Importer: ScriptedImporter/UnityEditor.QuickSearchModule:UnityEditor.Search:ASIAI0B
Importing 'GUID: dc746caef3dbbaa488a9e673c34522bf - Path: Assets/Scripts/State Machine Lab 2/ITransition.cs - Importer: ScriptedImporter/UnityEditor.QuickSearchModule:UnityEditor.Search:ASIAI0B' with importer (ScriptedImporter : UnityEditor.QuickSearchModule:UnityEditor.Search:ASIAI0B)
Imported 'GUID: dc746caef3dbbaa488a9e673c34522bf' -> (Import Result ID: '5e97fa50ca18ea5b8dec0fbb3cca4480') in 0.292 seconds [static and dynamic dependencies]. Details - ImportResultOutputID=eeff617e1addd5df6440ed28e133f30c DependenciesID=8cbbb57964506747e64f6e83c091ae63 StaticDependenciesID=1327e1b4314de4714d1feb907d6dd38b 
Number of updated asset objects reloaded before import = 0
Number of asset objects unloaded after import = 0
========================================================================
Received Prepare
AcceleratorClientConnectionCallback - disconnected - :0
Begin MonoManager ReloadAssembly
Symbol file LoadedFromMemory is not a mono symbol file
'Packages/com.unity.render-pipelines.core/Editor/Deprecated.cs' contains partial class of Unity.Object, exactly 1 of the partial classes needs to be in a file with the same filename. This is to know the one that can be referenced from ie. GameObjects
'Packages/com.unity.render-pipelines.core/Editor/Deprecated.cs' contains partial class of Unity.Object, exactly 1 of the partial classes needs to be in a file with the same filename. This is to know the one that can be referenced from ie. GameObjects
Refreshing native plugins compatible for Editor in 7.21 ms, found 5 plugins.
Native extension for WindowsStandalone target not found
[Package Manager] Failed to launch server process. Reason: Unity was launched with the -noUpm command-line argument
[Package Manager] Unable to send message (not connected to server process).
[Package Manager] Cannot connect to Unity Package Manager local server
Refreshing native plugins compatible for Editor in 4.80 ms, found 5 plugins.
[Package Manager] Failed to launch server process. Reason: Unity was launched with the -noUpm command-line argument
[Package Manager] Unable to send message (not connected to server process).
[Package Manager] Cannot connect to Unity Package Manager local server
ScheduleIndexationOnStartup MainProcess:False IndexOnStartup:True
Scripting: successfully reloaded assembly
- Finished resetting the current domain, in  2.095 seconds
Domain Reload Profiling: 5346ms
	BeginReloadAssembly (946ms)
		DisableScriptedObjects (35ms)
		CreateAndSetChildDomain (212ms)
	RebuildCommonClasses (28ms)
	RebuildNativeTypeToScriptingClass (51ms)
	initialDomainReloadingComplete (203ms)
	LoadAllAssembliesAndSetupDomain (2022ms)
		LoadAssemblies (1261ms)
		TypeCache.Refresh (32ms)
		AnalyzeDomain (727ms)
			BuildScriptInfoCaches (710ms)
			ResolveRequiredComponents (12ms)
	FinalizeReload (2097ms)
		SetupLoadedEditorAssemblies (0ms)
			LogAssemblyErrors (7ms)
			InitializePlatformSupportModulesInManaged (4ms)
			BeforeProcessingInitializeOnLoad (292ms)
			ProcessInitializeOnLoadAttributes (554ms)
			ProcessInitializeOnLoadMethodAttributes (536ms)
			AfterProcessingInitializeOnLoad (11ms)
			EditorAssembliesLoaded (3ms)
		AwakeInstancesAfterBackupRestoration (38ms)
Refreshing native plugins compatible for Editor in 3.93 ms, found 5 plugins.
Unloading 59 Unused Serialized files (Serialized files now loaded: 0)
Unloading 7697 unused Assets / (8.5 MB). Loaded Objects now: 8646.
Memory consumption went from 391.4 MB to 382.8 MB.
Total: 18.573700 ms (FindLiveObjects: 2.000300 ms CreateObjectMapping: 0.857900 ms MarkObjects: 10.161900 ms  DeleteObjects: 4.972900 ms)

Prepare: number of updated asset objects reloaded= 0
========================================================================
Received Prepare
AcceleratorClientConnectionCallback - disconnected - :0
Refreshing native plugins compatible for Editor in 3.90 ms, found 5 plugins.
Unloading 59 Unused Serialized files (Serialized files now loaded: 0)
Unloading 59 unused Assets / (5.3 MB). Loaded Objects now: 8646.
Memory consumption went from 387.0 MB to 381.6 MB.
Total: 27.576800 ms (FindLiveObjects: 1.523000 ms CreateObjectMapping: 0.284300 ms MarkObjects: 22.328200 ms  DeleteObjects: 2.910700 ms)

Prepare: number of updated asset objects reloaded= 0
Editor requested this worker to shutdown with reason: Editor is closing down
AcceleratorClientConnectionCallback - disconnected - :0
AssetImportWorker is now disconnected from the server
Process exiting
[ExitDontLaunchBugReporter] Exiting without the bug reporter. Application will exit with return code 0
