[Licensing::Module] Trying to connect to existing licensing client channel...
Built from '6000.6/respin/6000.6.0f1-fa21a270ab12' branch; Version is '6000.6.0f1 (f7f8ed4d1e24) revision 16251117'; Using compiler version '194234433'; Build Type 'Release'
OS: 'Windows 11  (10.0.26200) Professional' Language: 'en' Physical Memory: 16059 MB
BatchMode: 1, IsHumanControllingUs: 0, StartBugReporterOnCrash: 0, Is64bit: 1
System  architecture: x64
Process architecture: x64
Date: 2026-09-24T00:09:30Z
[Licensing::IpcConnector] Successfully connected to: "LicenseClient-doria" at "2026-09-24T00:09:30.463704Z"
[Licensing::Client] Code 10 while verifying Licensing Client signature (process Id: 28304, path: "C:/Program Files/Unity Hub/UnityLicensingClient_V1/Unity.Licensing.Client.exe")
[Licensing::Module] LicensingClient has failed validation; ignoring
[Licensing::Client] Handshaking with LicensingClient:
  Version:                 1.18.3+d7ffd15
  Session Id:              dc3f343a6cf44b24b7dafbcf9e60a9df
  Correlation Id:          63aced60d37697a7e8c82ee6a024781b
  External correlation Id: 7615381198777319386
  Machine Id:              I5OkDT2zQEDfBdwoIMoXqrFtd30=
[Licensing::Module] Successfully connected to LicensingClient on channel: "LicenseClient-doria" (connect: 0.00s, validation: 0.01s, handshake: 0.04s)
[Licensing::IpcConnector] Successfully connected to: "LicenseClient-doria-notifications" at "2026-09-24T00:09:30.5156783Z"
[Licensing::Module] Licensing Background thread has ended after 0.05s

COMMAND LINE ARGUMENTS:
C:\Program Files\Unity\Hub\Editor\6000.6.0f1\Editor\Unity.exe
-adb2
-batchMode
-noUpm
-name
AssetImportWorkerHW2
-projectPath
C:/Users/doria/Documents/Game Dev Term 3/Game Programming 2/Demos/Vector Demo
-logFile
Logs/AssetImportWorkerHW2.log
-srvPort
60292
-parentPid
4916
-analyticsCloudUserId
3573470352323
-analyticsCloudProjectId
f10b0815-bef3-4252-9025-1b17cb0d9ae1
-analyticsLocalProjectId
5651ec62162f327429228a03077507e9
-editorAnalyticsEnabled
1
-cbmEditorLicense
9ebb1d79818f9c7200e47aec10e411cea4cdb493
-cbmMachineId
I5OkDT2zQEDfBdwoIMoXqrFtd30=
-licensingIpc
LicenseClient-doria
-noDiagnosticSwitchPersistentStore
-job-worker-count
5
-background-job-worker-count
8
-asset-garbage-collectors
1
-force-d3d12
-name
AssetImport
Successfully changed project path to: C:/Users/doria/Documents/Game Dev Term 3/Game Programming 2/Demos/Vector Demo
C:/Users/doria/Documents/Game Dev Term 3/Game Programming 2/Demos/Vector Demo
[UnityMemory] Configuration Parameters - Can be set up in boot.config
    "memorysetup-temp-allocator-size-gi-baking-worker=262144"
    "memorysetup-temp-allocator-size-gi-baking-worker=262144"
    "memorysetup-temp-allocator-size-gi-baking-worker=262144"
    "memorysetup-temp-allocator-size-gi-baking-worker=262144"
    "memorysetup-temp-allocator-size-gi-baking-worker=262144"
    "memorysetup-temp-allocator-size-nav-mesh-worker=65536"
    "memorysetup-temp-allocator-size-audio-worker=65536"
    "memorysetup-temp-allocator-size-cloud-worker=32768"
    "memorysetup-temp-allocator-size-gfx=262144"
    "memorysetup-remapper-allocator-initial-capacity=32768"
    "memorysetup-temp-allocator-size-preload-manager=33554432"
    "memorysetup-allocator-temp-initial-block-size-main=262144"
    "memorysetup-allocator-temp-initial-block-size-worker=262144"
    "memorysetup-temp-allocator-size-job-worker=262144"
    "memorysetup-temp-allocator-size-background-worker=32768"
    "memorysetup-bucket-allocator-granularity=16"
    "memorysetup-bucket-allocator-bucket-count=8"
    "memorysetup-bucket-allocator-block-size=33554432"
    "memorysetup-bucket-allocator-block-count=8"
    "memorysetup-main-allocator-block-size=16777216"
    "memorysetup-thread-allocator-block-size=16777216"
    "memorysetup-main-allocator-mimalloc-enabled=1"
    "memorysetup-gfx-main-allocator-block-size=16777216"
    "memorysetup-gfx-thread-allocator-block-size=16777216"
    "memorysetup-cache-allocator-block-size=4194304"
    "memorysetup-typetree-allocator-block-size=2097152"
    "memorysetup-profiler-bucket-allocator-granularity=16"
    "memorysetup-profiler-bucket-allocator-bucket-count=8"
    "memorysetup-profiler-bucket-allocator-block-size=33554432"
    "memorysetup-profiler-bucket-allocator-block-count=8"
    "memorysetup-profiler-allocator-block-size=16777216"
    "memorysetup-profiler-editor-allocator-block-size=1048576"
    "memorysetup-temp-allocator-size-main=16777216"
    "memorysetup-job-temp-allocator-block-size=2097152"
    "memorysetup-job-temp-allocator-block-size-background=1048576"
    "memorysetup-job-temp-allocator-reduction-small-platforms=262144"
Player connection [19852]  Target information:

Player connection [19852]  * "[IP] 10.0.0.196 [Port] 0 [Flags] 2 [Guid] 3454214852 [EditorId] 3454214852 [Version] 1048832 [Id] WindowsEditor(7,Death_Star_II) [Debug] 1 [PackageName] WindowsEditor [ProjectName] Editor" 

Player connection [19852] Host joined multi-casting on [225.0.0.222:54997]...
Player connection [19852] Host joined alternative multi-casting on [225.0.0.222:34997]...
JobSystem: Creating JobQueue using job-worker-count value 5
Input System module state changed to: Initialized.
[Physics::Module] Initialized fallback backend.
[Physics::Module] Id: 0xdecafbad
Library Redirect Path: Library/
Initialising UDS system complete:
  - System type: Client
  - Resource namespace: fd29eeda4578b9e8c90a5dc8a77757db
  - Shared memory size: 1073741824
  - Command buffer id: 1052576
  - Command buffer size: 8192
  - Hashmap size: 4194304
  - Service connected: true
  - Service working directory: Library/DataStore/
[Physics::Module] Selected backend.
[Physics::Module] Name: PhysX
[Physics::Module] Id: 0xf2b8ea05
[Physics::Module] SDK Version: 4.1.2
[Physics::Module] Integration Version: 1.0.0
[Physics::Module] Threading Mode: Multi-Threaded
Refreshing native plugins compatible for Editor in 11.18 ms, found 5 plugins.
Preloading 1 native plugins for Editor in 3.06 ms.
Initialize engine version: 6000.6.0f1 (f7f8ed4d1e24)
[EntityIdStore] init: VM path (explicit commit), pageSize=4096, blockCount=1048576, entitiesPerBlock=256, slots reserved=4294967296 bytes
[Subsystems] Discovering subsystems at path C:/Program Files/Unity/Hub/Editor/6000.6.0f1/Editor/Data/Resources/UnitySubsystems
[Subsystems] Discovering subsystems at path C:/Users/doria/Documents/Game Dev Term 3/Game Programming 2/Demos/Vector Demo/Assets
Forcing GfxDevice: Direct3D 12
GfxDevice: creating device client; kGfxThreadingModeNonThreaded
d3d12: failed to query info queue interface (0x80004002).
Direct3D:
    Version:         Direct3D 12 [level 12.1]
    Renderer:        Intel(R) Iris(R) Xe Graphics (ID=0x46a8)
    Vendor:          Intel
    VRAM:            8029 MB
    App VRAM Budget: 7372 MB
    Driver:          32.0.101.7085
    Unified Memory Architecture
    Cache Coherent UMA
Initialize mono
Mono path[0] = 'C:/Program Files/Unity/Hub/Editor/6000.6.0f1/Editor/Data/Managed'
Mono path[1] = 'C:/Program Files/Unity/Hub/Editor/6000.6.0f1/Editor/Data/BCLExtensions/runtime/netstandard2.1'
Mono path[2] = 'C:/Program Files/Unity/Hub/Editor/6000.6.0f1/Editor/Data/MonoBleedingEdge/lib/mono/unityjit-win32'
Mono config path = 'C:/Program Files/Unity/Hub/Editor/6000.6.0f1/Editor/Data/MonoBleedingEdge/etc'
Using monoOptions --debugger-agent=transport=dt_socket,embedding=1,server=y,suspend=n,address=127.0.0.1:56496
CodeReloadManager initialized
Begin MonoManager ReloadAssembly
Registering precompiled unity dll's ...
Register platform support module: C:/Program Files/Unity/Hub/Editor/6000.6.0f1/Editor/Data/PlaybackEngines/WindowsStandaloneSupport/UnityEditor.WindowsStandalone.Extensions.dll
Registered in 0.011907 seconds.
Native extension for WindowsStandalone target not found
Package Manager log level set to [2]
[Package Manager] Failed to launch server process. Reason: Unity was launched with the -noUpm command-line argument
[Package Manager] Unable to send message (not connected to server process).
[Package Manager] Cannot connect to Unity Package Manager local server
ScheduleIndexationOnStartup MainProcess:False IndexOnStartup:True
Scripting: successfully reloaded assembly
- Finished resetting the current domain, in  1.050 seconds
Domain Reload Profiling: 2200ms
	BeginReloadAssembly (284ms)
	RebuildCommonClasses (5ms)
	RebuildNativeTypeToScriptingClass (20ms)
	initialDomainReloadingComplete (408ms)
	LoadAllAssembliesAndSetupDomain (431ms)
		LoadAssemblies (282ms)
		TypeCache.Refresh (311ms)
			TypeCache.ScanAssembly (287ms)
		AnalyzeDomain (1ms)
	FinalizeReload (1051ms)
		SetupLoadedEditorAssemblies (0ms)
			BeforeProcessingInitializeOnLoad (117ms)
			ProcessInitializeOnLoadAttributes (125ms)
			ProcessInitializeOnLoadMethodAttributes (688ms)
Initializing Unity extensions:
[Licensing::Client] Successfully resolved entitlement details
[Licensing::Module] License group:
  Id: 3573470352323-UnityPersXXXX
  Product: Unity Personal
  Type: Assigned
  Expiration: Unlimited
========================================================================
Worker process is ready to serve import requests
Import Worker Mode flag is 0x00
Begin MonoManager ReloadAssembly
Symbol file LoadedFromMemory is not a mono symbol file
'Packages/com.unity.render-pipelines.core/Editor/Deprecated.cs' contains partial class of Unity.Object, exactly 1 of the partial classes needs to be in a file with the same filename. This is to know the one that can be referenced from ie. GameObjects
'Packages/com.unity.render-pipelines.core/Editor/Deprecated.cs' contains partial class of Unity.Object, exactly 1 of the partial classes needs to be in a file with the same filename. This is to know the one that can be referenced from ie. GameObjects
Refreshing native plugins compatible for Editor in 8.79 ms, found 5 plugins.
Native extension for WindowsStandalone target not found
[Package Manager] Failed to launch server process. Reason: Unity was launched with the -noUpm command-line argument
[Package Manager] Unable to send message (not connected to server process).
[Package Manager] Cannot connect to Unity Package Manager local server
Refreshing native plugins compatible for Editor in 2.14 ms, found 5 plugins.
[Package Manager] Failed to launch server process. Reason: Unity was launched with the -noUpm command-line argument
[Package Manager] Unable to send message (not connected to server process).
[Package Manager] Cannot connect to Unity Package Manager local server
ScheduleIndexationOnStartup MainProcess:False IndexOnStartup:True
Scripting: successfully reloaded assembly
- Finished resetting the current domain, in  1.196 seconds
Domain Reload Profiling: 2476ms
	BeginReloadAssembly (234ms)
		DisableScriptedObjects (10ms)
		CreateAndSetChildDomain (33ms)
	RebuildCommonClasses (9ms)
	RebuildNativeTypeToScriptingClass (21ms)
	initialDomainReloadingComplete (75ms)
	LoadAllAssembliesAndSetupDomain (939ms)
		LoadAssemblies (499ms)
		TypeCache.Refresh (248ms)
			TypeCache.ScanAssembly (226ms)
		AnalyzeDomain (115ms)
			BuildScriptInfoCaches (106ms)
			ResolveRequiredComponents (7ms)
	FinalizeReload (1197ms)
		SetupLoadedEditorAssemblies (0ms)
			LogAssemblyErrors (4ms)
			BeforeProcessingInitializeOnLoad (153ms)
			ProcessInitializeOnLoadAttributes (347ms)
			ProcessInitializeOnLoadMethodAttributes (327ms)
			AfterProcessingInitializeOnLoad (5ms)
		AwakeInstancesAfterBackupRestoration (10ms)
AcceleratorClientConnectionCallback - disconnected - :0
Launched and connected shader compiler UnityShaderCompiler.exe after 0.03 seconds
Refreshing native plugins compatible for Editor in 8.39 ms, found 5 plugins.
Unloading 24 Unused Serialized files (Serialized files now loaded: 0)
Unloading 7668 unused Assets / (6.4 MB). Loaded Objects now: 8579.
Memory consumption went from 377.6 MB to 371.3 MB.
Total: 33.352200 ms (FindLiveObjects: 2.655700 ms CreateObjectMapping: 1.731900 ms MarkObjects: 22.510600 ms  DeleteObjects: 5.456100 ms)

========================================================================
Received Prepare
AcceleratorClientConnectionCallback - disconnected - :0
Begin MonoManager ReloadAssembly
[Licensing::Client] Successfully resolved entitlement details
Symbol file LoadedFromMemory is not a mono symbol file
'Packages/com.unity.render-pipelines.core/Editor/Deprecated.cs' contains partial class of Unity.Object, exactly 1 of the partial classes needs to be in a file with the same filename. This is to know the one that can be referenced from ie. GameObjects
'Packages/com.unity.render-pipelines.core/Editor/Deprecated.cs' contains partial class of Unity.Object, exactly 1 of the partial classes needs to be in a file with the same filename. This is to know the one that can be referenced from ie. GameObjects
Refreshing native plugins compatible for Editor in 7.51 ms, found 5 plugins.
Native extension for WindowsStandalone target not found
[Package Manager] Failed to launch server process. Reason: Unity was launched with the -noUpm command-line argument
[Package Manager] Unable to send message (not connected to server process).
[Package Manager] Cannot connect to Unity Package Manager local server
Refreshing native plugins compatible for Editor in 2.81 ms, found 5 plugins.
[Package Manager] Failed to launch server process. Reason: Unity was launched with the -noUpm command-line argument
[Package Manager] Unable to send message (not connected to server process).
[Package Manager] Cannot connect to Unity Package Manager local server
ScheduleIndexationOnStartup MainProcess:False IndexOnStartup:True
Scripting: successfully reloaded assembly
- Finished resetting the current domain, in  1.828 seconds
Domain Reload Profiling: 4593ms
	BeginReloadAssembly (847ms)
		DisableScriptedObjects (22ms)
		CreateAndSetChildDomain (258ms)
	RebuildCommonClasses (27ms)
	RebuildNativeTypeToScriptingClass (52ms)
	initialDomainReloadingComplete (169ms)
	LoadAllAssembliesAndSetupDomain (1669ms)
		LoadAssemblies (1162ms)
		TypeCache.Refresh (26ms)
		AnalyzeDomain (484ms)
			BuildScriptInfoCaches (468ms)
			ResolveRequiredComponents (13ms)
	FinalizeReload (1829ms)
		SetupLoadedEditorAssemblies (0ms)
			LogAssemblyErrors (7ms)
			BeforeProcessingInitializeOnLoad (210ms)
			ProcessInitializeOnLoadAttributes (448ms)
			ProcessInitializeOnLoadMethodAttributes (490ms)
			AfterProcessingInitializeOnLoad (7ms)
		AwakeInstancesAfterBackupRestoration (27ms)
Refreshing native plugins compatible for Editor in 9.61 ms, found 5 plugins.
Unloading 24 Unused Serialized files (Serialized files now loaded: 0)
Unloading 7671 unused Assets / (6.7 MB). Loaded Objects now: 8689.
Memory consumption went from 391.3 MB to 384.6 MB.
Total: 19.915000 ms (FindLiveObjects: 1.859800 ms CreateObjectMapping: 0.951200 ms MarkObjects: 11.406400 ms  DeleteObjects: 5.017500 ms)

Prepare: number of updated asset objects reloaded= 0
========================================================================
Received Import Request.
  Time of request: 2026-09-24T00:10:44.86266Z
  Time since last request: 747518.27570009999909 seconds.
  importAddress: GUID: 934bee208cf7632459952b66cd05dde7 - Path: Assets/Events/Vector2EventChannel.cs - Importer: ScriptedImporter/UnityEditor.QuickSearchModule:UnityEditor.Search:ASIAI0B
Importing 'GUID: 934bee208cf7632459952b66cd05dde7 - Path: Assets/Events/Vector2EventChannel.cs - Importer: ScriptedImporter/UnityEditor.QuickSearchModule:UnityEditor.Search:ASIAI0B' with importer (ScriptedImporter : UnityEditor.QuickSearchModule:UnityEditor.Search:ASIAI0B)
Imported 'GUID: 934bee208cf7632459952b66cd05dde7' -> (Import Result ID: 'a1442febbfc8b4bca5ec7d907aa1d466') in 0.156 seconds [static and dynamic dependencies]. Details - ImportResultOutputID=2c5fe9928cea123d3e1c4df92e4a1267 DependenciesID=3e76219f05762cd0476f894cdd185ffc StaticDependenciesID=ba09bfd19158a792d996a5b58d9d241c 
Number of updated asset objects reloaded before import = 0
Number of asset objects unloaded after import = 0
========================================================================
Received Import Request.
  Time of request: 2026-09-24T00:10:45.0480045Z
  Time since last request: 0.0016883 seconds.
  importAddress: GUID: 4991c99634bd037488e537ba9fe108af - Path: Assets/Events/PlayerEventChannel.cs - Importer: ScriptedImporter/UnityEditor.QuickSearchModule:UnityEditor.Search:ASIAI0B
Importing 'GUID: 4991c99634bd037488e537ba9fe108af - Path: Assets/Events/PlayerEventChannel.cs - Importer: ScriptedImporter/UnityEditor.QuickSearchModule:UnityEditor.Search:ASIAI0B' with importer (ScriptedImporter : UnityEditor.QuickSearchModule:UnityEditor.Search:ASIAI0B)
Imported 'GUID: 4991c99634bd037488e537ba9fe108af' -> (Import Result ID: '63e4b0fdf67080a8bda86cbf604df373') in 0.007 seconds [static and dynamic dependencies]. Details - ImportResultOutputID=e0358dac71ae6ce048d6f0dc5da912df DependenciesID=ba406b014aa50fa84c7f91adbc4fc62f StaticDependenciesID=d1212daef1af9d1bab32b21897b0b34e 
Number of updated asset objects reloaded before import = 0
Number of asset objects unloaded after import = 0
========================================================================
Received Prepare
AcceleratorClientConnectionCallback - disconnected - :0
Refreshing native plugins compatible for Editor in 6.37 ms, found 5 plugins.
Unloading 24 Unused Serialized files (Serialized files now loaded: 0)
Unloading 26 unused Assets / (3.1 MB). Loaded Objects now: 8691.
Memory consumption went from 388.5 MB to 385.4 MB.
Total: 17.489700 ms (FindLiveObjects: 1.540200 ms CreateObjectMapping: 0.599100 ms MarkObjects: 14.053500 ms  DeleteObjects: 0.809200 ms)

Prepare: number of updated asset objects reloaded= 0
========================================================================
Received Import Request.
  Time of request: 2026-09-24T00:10:46.7748704Z
  Time since last request: 1.7027697 seconds.
  importAddress: GUID: 535b76120671fd64f9800b11bb833617 - Path: Assets/Events/Events SO/V2EventChannel.asset - Importer: ScriptedImporter/UnityEditor.QuickSearchModule:UnityEditor.Search:ASIAI0B
Importing 'GUID: 535b76120671fd64f9800b11bb833617 - Path: Assets/Events/Events SO/V2EventChannel.asset - Importer: ScriptedImporter/UnityEditor.QuickSearchModule:UnityEditor.Search:ASIAI0B' with importer (ScriptedImporter : UnityEditor.QuickSearchModule:UnityEditor.Search:ASIAI0B)
Imported 'GUID: 535b76120671fd64f9800b11bb833617' -> (Import Result ID: '3e23f75f68019f2e18944eb400732b6f') in 0.008 seconds [static and dynamic dependencies]. Details - ImportResultOutputID=cf9a1f534b774e5e6d6fce00a3b751b6 DependenciesID=256f33eaa61602192f82cbc8ad07d626 StaticDependenciesID=c67667ffae619b3ee70e4ae25db9c121 
Number of updated asset objects reloaded before import = 0
Number of asset objects unloaded after import = 1
========================================================================
Received Import Request.
  Time of request: 2026-09-24T00:10:52.9042703Z
  Time since last request: 6.104026 seconds.
  importAddress: GUID: 2b9930843c4d0cb408270d7dbda4542d - Path: Assets/Events/Events SO/PlayerEventChannel.asset - Importer: PreviewImporter
Importing 'GUID: 2b9930843c4d0cb408270d7dbda4542d - Path: Assets/Events/Events SO/PlayerEventChannel.asset - Importer: PreviewImporter' with importer (PreviewImporter)
Imported 'GUID: 2b9930843c4d0cb408270d7dbda4542d' -> (Import Result ID: 'c6af29e46da1a11b463bd61054d17412') in 0.029 seconds [static and dynamic dependencies]. Details - ImportResultOutputID=126927f120cbce69a53ebec6e7a7b0c5 DependenciesID=3d3f39a0ccfdd281c53b370b4f9d496d StaticDependenciesID=d5cbb816b545ac1577b396b2e831f72a 
Number of updated asset objects reloaded before import = 0
Number of asset objects unloaded after import = 1
========================================================================
Received Import Request.
  Time of request: 2026-09-24T00:10:53.9029604Z
  Time since last request: 0.9497133 seconds.
  importAddress: GUID: 2b9930843c4d0cb408270d7dbda4542d - Path: Assets/Events/Events SO/PlayerEventChannel.asset - Importer: ScriptedImporter/UnityEditor.QuickSearchModule:UnityEditor.Search:ASIAI0B
Importing 'GUID: 2b9930843c4d0cb408270d7dbda4542d - Path: Assets/Events/Events SO/PlayerEventChannel.asset - Importer: ScriptedImporter/UnityEditor.QuickSearchModule:UnityEditor.Search:ASIAI0B' with importer (ScriptedImporter : UnityEditor.QuickSearchModule:UnityEditor.Search:ASIAI0B)
Imported 'GUID: 2b9930843c4d0cb408270d7dbda4542d' -> (Import Result ID: 'b2a0e4ea75fc601c05f7a625a06949b5') in 0.004 seconds [static and dynamic dependencies]. Details - ImportResultOutputID=ecf56fdcab2256abe19392e48d8d7ff3 DependenciesID=5d5f6c9dc8be23b84be8f6fba71fbcea StaticDependenciesID=c0324914f8ce9f68a4df5f03871f85ed 
Number of updated asset objects reloaded before import = 0
Number of asset objects unloaded after import = 1
========================================================================
Received Import Request.
  Time of request: 2026-09-24T00:11:12.2222018Z
  Time since last request: 18.2966736 seconds.
  importAddress: GUID: 9753bab36cbbf3e43a62073f4861a072 - Path: Assets/Events/GenericEventChannel.cs - Importer: PreviewImporter
Importing 'GUID: 9753bab36cbbf3e43a62073f4861a072 - Path: Assets/Events/GenericEventChannel.cs - Importer: PreviewImporter' with importer (PreviewImporter)
Imported 'GUID: 9753bab36cbbf3e43a62073f4861a072' -> (Import Result ID: '595b6d634405708bf09d89d7cbd561e9') in 0.001 seconds [static and dynamic dependencies]. Details - ImportResultOutputID=f3d6134371f465d6e33533a172160d7c DependenciesID=7b07d2742f2c0dcce581754f06ebaa23 StaticDependenciesID=645e9421bc97c3affa66ab2a78717274 
Number of updated asset objects reloaded before import = 0
Number of asset objects unloaded after import = 0
========================================================================
Received Import Request.
  Time of request: 2026-09-24T00:11:12.9492767Z
  Time since last request: 0.7129744 seconds.
  importAddress: GUID: 8e40d046776d4ae4da4228d13be7c417 - Path: Assets/Events/Player.cs - Importer: PreviewImporter
Importing 'GUID: 8e40d046776d4ae4da4228d13be7c417 - Path: Assets/Events/Player.cs - Importer: PreviewImporter' with importer (PreviewImporter)
Imported 'GUID: 8e40d046776d4ae4da4228d13be7c417' -> (Import Result ID: 'a912454536ee84e04edd45f9ca667a9c') in 0.001 seconds [static and dynamic dependencies]. Details - ImportResultOutputID=8ab7c781a406b9ae75f326f72805a6a2 DependenciesID=647225ecb797a9b264fec45a2fa2758e StaticDependenciesID=43d4369b27d3c43d1f7e84590ffafc5e 
Number of updated asset objects reloaded before import = 0
Number of asset objects unloaded after import = 0
========================================================================
Received Import Request.
  Time of request: 2026-09-24T00:11:13.5888459Z
  Time since last request: 0.6212867 seconds.
  importAddress: GUID: 4991c99634bd037488e537ba9fe108af - Path: Assets/Events/PlayerEventChannel.cs - Importer: PreviewImporter
Importing 'GUID: 4991c99634bd037488e537ba9fe108af - Path: Assets/Events/PlayerEventChannel.cs - Importer: PreviewImporter' with importer (PreviewImporter)
Imported 'GUID: 4991c99634bd037488e537ba9fe108af' -> (Import Result ID: 'fdd0b6573ab02aa7d69348f0cbe2ffc6') in 0.001 seconds [static and dynamic dependencies]. Details - ImportResultOutputID=1d74b6702557128b263483f33eeb83dc DependenciesID=65bb6c8a426682796f3b03264adbca60 StaticDependenciesID=b8fe8ea08c1362f85e1d754659bf6a6b 
Number of updated asset objects reloaded before import = 0
Number of asset objects unloaded after import = 0
========================================================================
Received Import Request.
  Time of request: 2026-09-24T00:11:15.3130461Z
  Time since last request: 1.7075437 seconds.
  importAddress: GUID: 934bee208cf7632459952b66cd05dde7 - Path: Assets/Events/Vector2EventChannel.cs - Importer: PreviewImporter
Importing 'GUID: 934bee208cf7632459952b66cd05dde7 - Path: Assets/Events/Vector2EventChannel.cs - Importer: PreviewImporter' with importer (PreviewImporter)
Imported 'GUID: 934bee208cf7632459952b66cd05dde7' -> (Import Result ID: 'ddd9e0e55a5571d4a15c501159dd6497') in 0.001 seconds [static and dynamic dependencies]. Details - ImportResultOutputID=d309d0212d1ac6218493ce3a949973fb DependenciesID=cf46f598d9a13a8d083fda3e333e85ac StaticDependenciesID=50e0ae773aea4a0f12f067188bc195d6 
Number of updated asset objects reloaded before import = 0
Number of asset objects unloaded after import = 0
========================================================================
Received Import Request.
  Time of request: 2026-09-24T00:11:15.8955796Z
  Time since last request: 0.5652264 seconds.
  importAddress: GUID: 954aa110a15a691479e304722863f8cb - Path: Assets/Events/Vector3EventChannel.cs - Importer: PreviewImporter
Importing 'GUID: 954aa110a15a691479e304722863f8cb - Path: Assets/Events/Vector3EventChannel.cs - Importer: PreviewImporter' with importer (PreviewImporter)
Imported 'GUID: 954aa110a15a691479e304722863f8cb' -> (Import Result ID: '454ff198174e5c3c8f1226a1f2aa7091') in 0.001 seconds [static and dynamic dependencies]. Details - ImportResultOutputID=ffc4613ef15a3f3b8e1f5732db97ffbd DependenciesID=7d38082cbb58b6aa7c7cae16f6d4fd02 StaticDependenciesID=28a2cfb0d75ff6559c68063e57c45b3b 
Number of updated asset objects reloaded before import = 0
Number of asset objects unloaded after import = 0
========================================================================
Received Import Request.
  Time of request: 2026-09-24T00:11:16.2724174Z
  Time since last request: 0.3607687 seconds.
  importAddress: GUID: 6d582770eba76094081b7d7fddd09eac - Path: Assets/Events/VoidEventChannel.cs - Importer: PreviewImporter
Importing 'GUID: 6d582770eba76094081b7d7fddd09eac - Path: Assets/Events/VoidEventChannel.cs - Importer: PreviewImporter' with importer (PreviewImporter)
Imported 'GUID: 6d582770eba76094081b7d7fddd09eac' -> (Import Result ID: '5250b88cceb07f48dea0ff721edc39b3') in 0.001 seconds [static and dynamic dependencies]. Details - ImportResultOutputID=70a2ce2cf4246b4832bf611b85a14ad3 DependenciesID=0ff617ee10e97c6e8ea669dbb8f2e1e1 StaticDependenciesID=366198370995f0ee3c760953c7ebb4ac 
Number of updated asset objects reloaded before import = 0
Number of asset objects unloaded after import = 0
========================================================================
Received Import Request.
  Time of request: 2026-09-24T00:12:03.7760857Z
  Time since last request: 47.488346 seconds.
  importAddress: GUID: f061e877f5a66054b8cdb80a23b235f3 - Path: Assets/Factory - Importer: PreviewImporter
Importing 'GUID: f061e877f5a66054b8cdb80a23b235f3 - Path: Assets/Factory - Importer: PreviewImporter' with importer (PreviewImporter)
Imported 'GUID: f061e877f5a66054b8cdb80a23b235f3' -> (Import Result ID: '3b8296024af5292023c99afe6d004f8c') in 0.002 seconds [static and dynamic dependencies]. Details - ImportResultOutputID=9e56a7fcfa392d9cafdf292fb46ef5c1 DependenciesID=de0d8d9762ef8bbc5fcc68c8d2a76151 StaticDependenciesID=30b07bb68d3994d8b09f9cb5e6c2e7b5 
Number of updated asset objects reloaded before import = 0
Number of asset objects unloaded after import = 0
========================================================================
Received Import Request.
  Time of request: 2026-09-24T00:12:04.7292848Z
  Time since last request: 0.9326227 seconds.
  importAddress: GUID: f061e877f5a66054b8cdb80a23b235f3 - Path: Assets/Factory - Importer: ScriptedImporter/UnityEditor.QuickSearchModule:UnityEditor.Search:ASIAI0B
Importing 'GUID: f061e877f5a66054b8cdb80a23b235f3 - Path: Assets/Factory - Importer: ScriptedImporter/UnityEditor.QuickSearchModule:UnityEditor.Search:ASIAI0B' with importer (ScriptedImporter : UnityEditor.QuickSearchModule:UnityEditor.Search:ASIAI0B)
Imported 'GUID: f061e877f5a66054b8cdb80a23b235f3' -> (Import Result ID: '5fd34483dff49b320e9c216ffbc21df6') in 0.003 seconds [static and dynamic dependencies]. Details - ImportResultOutputID=272159a1ecbdbc2bdca35d5a9b1a56ae DependenciesID=efa7d24986bd11e08562f8c75c05d7df StaticDependenciesID=53b024811b16f5077c7004cd0983c073 
Number of updated asset objects reloaded before import = 0
Number of asset objects unloaded after import = 1
========================================================================
Received Prepare
AcceleratorClientConnectionCallback - disconnected - :0
[Licensing::Client] Successfully resolved entitlement details
Begin MonoManager ReloadAssembly
Symbol file LoadedFromMemory is not a mono symbol file
'Packages/com.unity.render-pipelines.core/Editor/Deprecated.cs' contains partial class of Unity.Object, exactly 1 of the partial classes needs to be in a file with the same filename. This is to know the one that can be referenced from ie. GameObjects
'Packages/com.unity.render-pipelines.core/Editor/Deprecated.cs' contains partial class of Unity.Object, exactly 1 of the partial classes needs to be in a file with the same filename. This is to know the one that can be referenced from ie. GameObjects
Refreshing native plugins compatible for Editor in 4.36 ms, found 5 plugins.
Native extension for WindowsStandalone target not found
[Package Manager] Failed to launch server process. Reason: Unity was launched with the -noUpm command-line argument
[Package Manager] Unable to send message (not connected to server process).
[Package Manager] Cannot connect to Unity Package Manager local server
Refreshing native plugins compatible for Editor in 9.23 ms, found 5 plugins.
[Package Manager] Failed to launch server process. Reason: Unity was launched with the -noUpm command-line argument
[Package Manager] Unable to send message (not connected to server process).
[Package Manager] Cannot connect to Unity Package Manager local server
ScheduleIndexationOnStartup MainProcess:False IndexOnStartup:True
Scripting: successfully reloaded assembly
- Finished resetting the current domain, in  2.513 seconds
Domain Reload Profiling: 3817ms
	BeginReloadAssembly (326ms)
		DisableScriptedObjects (17ms)
		CreateAndSetChildDomain (80ms)
	RebuildCommonClasses (11ms)
	RebuildNativeTypeToScriptingClass (18ms)
	initialDomainReloadingComplete (74ms)
	LoadAllAssembliesAndSetupDomain (875ms)
		LoadAssemblies (521ms)
		TypeCache.Refresh (20ms)
		AnalyzeDomain (289ms)
			BuildScriptInfoCaches (279ms)
			ResolveRequiredComponents (8ms)
	FinalizeReload (2514ms)
		SetupLoadedEditorAssemblies (0ms)
			LogAssemblyErrors (3ms)
			BeforeProcessingInitializeOnLoad (219ms)
			ProcessInitializeOnLoadAttributes (800ms)
			ProcessInitializeOnLoadMethodAttributes (929ms)
			AfterProcessingInitializeOnLoad (21ms)
			EditorAssembliesLoaded (4ms)
		AwakeInstancesAfterBackupRestoration (232ms)
Refreshing native plugins compatible for Editor in 8.86 ms, found 5 plugins.
Unloading 24 Unused Serialized files (Serialized files now loaded: 0)
Unloading 7671 unused Assets / (7.1 MB). Loaded Objects now: 8695.
Memory consumption went from 395.4 MB to 388.2 MB.
Total: 29.210900 ms (FindLiveObjects: 2.253200 ms CreateObjectMapping: 1.264400 ms MarkObjects: 19.413400 ms  DeleteObjects: 5.282200 ms)

Prepare: number of updated asset objects reloaded= 0
========================================================================
Received Prepare
AcceleratorClientConnectionCallback - disconnected - :0
Begin MonoManager ReloadAssembly
Symbol file LoadedFromMemory is not a mono symbol file
'Packages/com.unity.render-pipelines.core/Editor/Deprecated.cs' contains partial class of Unity.Object, exactly 1 of the partial classes needs to be in a file with the same filename. This is to know the one that can be referenced from ie. GameObjects
'Packages/com.unity.render-pipelines.core/Editor/Deprecated.cs' contains partial class of Unity.Object, exactly 1 of the partial classes needs to be in a file with the same filename. This is to know the one that can be referenced from ie. GameObjects
Refreshing native plugins compatible for Editor in 4.77 ms, found 5 plugins.
Native extension for WindowsStandalone target not found
[Package Manager] Failed to launch server process. Reason: Unity was launched with the -noUpm command-line argument
[Package Manager] Unable to send message (not connected to server process).
[Package Manager] Cannot connect to Unity Package Manager local server
Refreshing native plugins compatible for Editor in 6.20 ms, found 5 plugins.
[Package Manager] Failed to launch server process. Reason: Unity was launched with the -noUpm command-line argument
[Package Manager] Unable to send message (not connected to server process).
[Package Manager] Cannot connect to Unity Package Manager local server
ScheduleIndexationOnStartup MainProcess:False IndexOnStartup:True
Scripting: successfully reloaded assembly
- Finished resetting the current domain, in  2.319 seconds
Domain Reload Profiling: 4581ms
	BeginReloadAssembly (510ms)
		DisableScriptedObjects (22ms)
		CreateAndSetChildDomain (123ms)
	RebuildCommonClasses (26ms)
	RebuildNativeTypeToScriptingClass (52ms)
	initialDomainReloadingComplete (133ms)
	LoadAllAssembliesAndSetupDomain (1537ms)
		LoadAssemblies (844ms)
		TypeCache.Refresh (26ms)
		AnalyzeDomain (530ms)
			BuildScriptInfoCaches (516ms)
			ResolveRequiredComponents (11ms)
	FinalizeReload (2321ms)
		SetupLoadedEditorAssemblies (0ms)
			LogAssemblyErrors (6ms)
			InitializePlatformSupportModulesInManaged (6ms)
			BeforeProcessingInitializeOnLoad (369ms)
			ProcessInitializeOnLoadAttributes (522ms)
			ProcessInitializeOnLoadMethodAttributes (656ms)
			AfterProcessingInitializeOnLoad (17ms)
			EditorAssembliesLoaded (3ms)
		AwakeInstancesAfterBackupRestoration (57ms)
Refreshing native plugins compatible for Editor in 9.47 ms, found 5 plugins.
Unloading 24 Unused Serialized files (Serialized files now loaded: 0)
Unloading 7671 unused Assets / (6.4 MB). Loaded Objects now: 8698.
Memory consumption went from 400.7 MB to 394.4 MB.
Total: 24.184400 ms (FindLiveObjects: 2.302800 ms CreateObjectMapping: 1.485900 ms MarkObjects: 16.186600 ms  DeleteObjects: 3.478500 ms)

Prepare: number of updated asset objects reloaded= 0
========================================================================
Received Prepare
AcceleratorClientConnectionCallback - disconnected - :0
Refreshing native plugins compatible for Editor in 4.60 ms, found 5 plugins.
Unloading 24 Unused Serialized files (Serialized files now loaded: 0)
Unloading 24 unused Assets / (3.1 MB). Loaded Objects now: 8698.
Memory consumption went from 397.4 MB to 394.3 MB.
Total: 12.595800 ms (FindLiveObjects: 1.269400 ms CreateObjectMapping: 0.389300 ms MarkObjects: 9.765700 ms  DeleteObjects: 0.645700 ms)

Prepare: number of updated asset objects reloaded= 0
========================================================================
Received Prepare
AcceleratorClientConnectionCallback - disconnected - :0
Refreshing native plugins compatible for Editor in 8.12 ms, found 5 plugins.
Unloading 24 Unused Serialized files (Serialized files now loaded: 0)
Unloading 24 unused Assets / (2.9 MB). Loaded Objects now: 8698.
Memory consumption went from 399.4 MB to 396.5 MB.
Total: 22.103500 ms (FindLiveObjects: 1.714400 ms CreateObjectMapping: 0.650300 ms MarkObjects: 18.355300 ms  DeleteObjects: 0.689500 ms)

Prepare: number of updated asset objects reloaded= 0
========================================================================
Received Prepare
AcceleratorClientConnectionCallback - disconnected - :0
Refreshing native plugins compatible for Editor in 3.55 ms, found 5 plugins.
Unloading 24 Unused Serialized files (Serialized files now loaded: 0)
Unloading 24 unused Assets / (3.2 MB). Loaded Objects now: 8698.
Memory consumption went from 401.5 MB to 398.3 MB.
Total: 15.323700 ms (FindLiveObjects: 1.207900 ms CreateObjectMapping: 0.327500 ms MarkObjects: 12.588700 ms  DeleteObjects: 0.780600 ms)

Prepare: number of updated asset objects reloaded= 0
========================================================================
Received Import Request.
  Time of request: 2026-09-24T00:41:01.5406277Z
  Time since last request: 1736.79523289999997 seconds.
  importAddress: GUID: 99c9720ab356a0642a771bea13969a05 - Path: Assets/Scenes/SampleScene.unity - Importer: ScriptedImporter/UnityEditor.QuickSearchModule:UnityEditor.Search:ASIAI0B
Importing 'GUID: 99c9720ab356a0642a771bea13969a05 - Path: Assets/Scenes/SampleScene.unity - Importer: ScriptedImporter/UnityEditor.QuickSearchModule:UnityEditor.Search:ASIAI0B' with importer (ScriptedImporter : UnityEditor.QuickSearchModule:UnityEditor.Search:ASIAI0B)
Imported 'GUID: 99c9720ab356a0642a771bea13969a05' -> (Import Result ID: 'c8853e9b52fae650a804d58b8cc608e6') in 0.184 seconds [static and dynamic dependencies]. Details - ImportResultOutputID=cec10be722440a5906fa43d536383fa8 DependenciesID=8b0261550467a278ea9c8fb0fa6e5a25 StaticDependenciesID=bc1a790bf5d5d09a6382a21f8b34be83 
Number of updated asset objects reloaded before import = 0
Number of asset objects unloaded after import = 1
========================================================================
Received Prepare
AcceleratorClientConnectionCallback - disconnected - :0
'Packages/com.unity.render-pipelines.core/Editor/Deprecated.cs' contains partial class of Unity.Object, exactly 1 of the partial classes needs to be in a file with the same filename. This is to know the one that can be referenced from ie. GameObjects
'Packages/com.unity.render-pipelines.core/Editor/Deprecated.cs' contains partial class of Unity.Object, exactly 1 of the partial classes needs to be in a file with the same filename. This is to know the one that can be referenced from ie. GameObjects
Refreshing native plugins compatible for Editor in 3.60 ms, found 5 plugins.
Unloading 24 Unused Serialized files (Serialized files now loaded: 0)
Unloading 7652 unused Assets / (6.2 MB). Loaded Objects now: 8699.
Memory consumption went from 410.3 MB to 404.1 MB.
Total: 19.247200 ms (FindLiveObjects: 1.912300 ms CreateObjectMapping: 0.928000 ms MarkObjects: 12.935000 ms  DeleteObjects: 2.872800 ms)

Prepare: number of updated asset objects reloaded= 0
========================================================================
Received Import Request.
  Time of request: 2026-09-24T00:41:08.3460683Z
  Time since last request: 6.5982112 seconds.
  importAddress: GUID: 6d9416af6eef6ba45a66d1aebb794c7f - Path: Assets/Factory/GenericFactory.cs - Importer: ScriptedImporter/UnityEditor.QuickSearchModule:UnityEditor.Search:ASIAI0B
Importing 'GUID: 6d9416af6eef6ba45a66d1aebb794c7f - Path: Assets/Factory/GenericFactory.cs - Importer: ScriptedImporter/UnityEditor.QuickSearchModule:UnityEditor.Search:ASIAI0B' with importer (ScriptedImporter : UnityEditor.QuickSearchModule:UnityEditor.Search:ASIAI0B)
Imported 'GUID: 6d9416af6eef6ba45a66d1aebb794c7f' -> (Import Result ID: '77cd5574653530de2369b6a6019037a9') in 0.056 seconds [static and dynamic dependencies]. Details - ImportResultOutputID=c5f39d6aa8adde76275a9a5f038c7018 DependenciesID=16002fa354dc1337f212d7f72e9597dd StaticDependenciesID=9bc6c3d77d3b726e7931ebc05979177c 
Number of updated asset objects reloaded before import = 0
Number of asset objects unloaded after import = 0
========================================================================
Received Import Request.
  Time of request: 2026-09-24T00:41:08.4505976Z
  Time since last request: 0.0253062 seconds.
  importAddress: GUID: 6d9416af6eef6ba45a66d1aebb794c7f - Path: Assets/Factory/GenericFactory.cs - Importer: PreviewImporter
Importing 'GUID: 6d9416af6eef6ba45a66d1aebb794c7f - Path: Assets/Factory/GenericFactory.cs - Importer: PreviewImporter' with importer (PreviewImporter)
Imported 'GUID: 6d9416af6eef6ba45a66d1aebb794c7f' -> (Import Result ID: '8de0f70c84abc4ebb5cca2ef55854998') in 0.003 seconds [static and dynamic dependencies]. Details - ImportResultOutputID=57a0338e39bd59d4cca1d9f622ab5eed DependenciesID=8d86b6d6c6962cd00864f64d30f79019 StaticDependenciesID=5b6a7fccf49fa7d5a9a458d8a49c3444 
Number of updated asset objects reloaded before import = 0
Number of asset objects unloaded after import = 0
========================================================================
Received Prepare
AcceleratorClientConnectionCallback - disconnected - :0
[Licensing::Client] Successfully resolved entitlement details
Begin MonoManager ReloadAssembly
Symbol file LoadedFromMemory is not a mono symbol file
'Packages/com.unity.render-pipelines.core/Editor/Deprecated.cs' contains partial class of Unity.Object, exactly 1 of the partial classes needs to be in a file with the same filename. This is to know the one that can be referenced from ie. GameObjects
'Packages/com.unity.render-pipelines.core/Editor/Deprecated.cs' contains partial class of Unity.Object, exactly 1 of the partial classes needs to be in a file with the same filename. This is to know the one that can be referenced from ie. GameObjects
Refreshing native plugins compatible for Editor in 11.20 ms, found 5 plugins.
Native extension for WindowsStandalone target not found
[Package Manager] Failed to launch server process. Reason: Unity was launched with the -noUpm command-line argument
[Package Manager] Unable to send message (not connected to server process).
[Package Manager] Cannot connect to Unity Package Manager local server
Refreshing native plugins compatible for Editor in 9.04 ms, found 5 plugins.
[Package Manager] Failed to launch server process. Reason: Unity was launched with the -noUpm command-line argument
[Package Manager] Unable to send message (not connected to server process).
[Package Manager] Cannot connect to Unity Package Manager local server
ScheduleIndexationOnStartup MainProcess:False IndexOnStartup:True
Scripting: successfully reloaded assembly
- Finished resetting the current domain, in  4.000 seconds
Domain Reload Profiling: 7090ms
	BeginReloadAssembly (817ms)
		DisableScriptedObjects (34ms)
		CreateAndSetChildDomain (284ms)
	RebuildCommonClasses (20ms)
	RebuildNativeTypeToScriptingClass (38ms)
	initialDomainReloadingComplete (173ms)
	LoadAllAssembliesAndSetupDomain (2039ms)
		LoadAssemblies (1219ms)
		TypeCache.Refresh (35ms)
		AnalyzeDomain (601ms)
			BuildScriptInfoCaches (580ms)
			ResolveRequiredComponents (14ms)
	FinalizeReload (4003ms)
		SetupLoadedEditorAssemblies (0ms)
			LogAssemblyErrors (8ms)
			InitializePlatformSupportModulesInManaged (5ms)
			BeforeProcessingInitializeOnLoad (606ms)
			ProcessInitializeOnLoadAttributes (961ms)
			ProcessInitializeOnLoadMethodAttributes (1264ms)
			AfterProcessingInitializeOnLoad (24ms)
			EditorAssembliesLoaded (7ms)
		AwakeInstancesAfterBackupRestoration (118ms)
Refreshing native plugins compatible for Editor in 12.60 ms, found 5 plugins.
Unloading 24 Unused Serialized files (Serialized files now loaded: 0)
Unloading 7672 unused Assets / (6.0 MB). Loaded Objects now: 8702.
Memory consumption went from 404.2 MB to 398.2 MB.
Total: 33.215200 ms (FindLiveObjects: 3.507200 ms CreateObjectMapping: 2.136000 ms MarkObjects: 19.733700 ms  DeleteObjects: 7.078300 ms)

Prepare: number of updated asset objects reloaded= 0
========================================================================
Received Prepare
AcceleratorClientConnectionCallback - disconnected - :0
'Packages/com.unity.render-pipelines.core/Editor/Deprecated.cs' contains partial class of Unity.Object, exactly 1 of the partial classes needs to be in a file with the same filename. This is to know the one that can be referenced from ie. GameObjects
'Packages/com.unity.render-pipelines.core/Editor/Deprecated.cs' contains partial class of Unity.Object, exactly 1 of the partial classes needs to be in a file with the same filename. This is to know the one that can be referenced from ie. GameObjects
Refreshing native plugins compatible for Editor in 9.98 ms, found 5 plugins.
Unloading 24 Unused Serialized files (Serialized files now loaded: 0)
Unloading 7652 unused Assets / (4.9 MB). Loaded Objects now: 8702.
Memory consumption went from 406.3 MB to 401.3 MB.
Total: 23.283400 ms (FindLiveObjects: 2.386100 ms CreateObjectMapping: 1.226000 ms MarkObjects: 16.388400 ms  DeleteObjects: 2.705300 ms)

Prepare: number of updated asset objects reloaded= 0
========================================================================
Received Prepare
AcceleratorClientConnectionCallback - disconnected - :0
'Packages/com.unity.render-pipelines.core/Editor/Deprecated.cs' contains partial class of Unity.Object, exactly 1 of the partial classes needs to be in a file with the same filename. This is to know the one that can be referenced from ie. GameObjects
'Packages/com.unity.render-pipelines.core/Editor/Deprecated.cs' contains partial class of Unity.Object, exactly 1 of the partial classes needs to be in a file with the same filename. This is to know the one that can be referenced from ie. GameObjects
Refreshing native plugins compatible for Editor in 7.03 ms, found 5 plugins.
Unloading 24 Unused Serialized files (Serialized files now loaded: 0)
Unloading 7653 unused Assets / (5.2 MB). Loaded Objects now: 8703.
Memory consumption went from 408.3 MB to 403.1 MB.
Total: 32.573600 ms (FindLiveObjects: 3.226000 ms CreateObjectMapping: 1.798300 ms MarkObjects: 22.328300 ms  DeleteObjects: 4.428900 ms)

Prepare: number of updated asset objects reloaded= 0
========================================================================
Received Prepare
AcceleratorClientConnectionCallback - disconnected - :0
[Licensing::Client] Successfully resolved entitlement details
Begin MonoManager ReloadAssembly
Symbol file LoadedFromMemory is not a mono symbol file
'Packages/com.unity.render-pipelines.core/Editor/Deprecated.cs' contains partial class of Unity.Object, exactly 1 of the partial classes needs to be in a file with the same filename. This is to know the one that can be referenced from ie. GameObjects
'Packages/com.unity.render-pipelines.core/Editor/Deprecated.cs' contains partial class of Unity.Object, exactly 1 of the partial classes needs to be in a file with the same filename. This is to know the one that can be referenced from ie. GameObjects
Refreshing native plugins compatible for Editor in 3.18 ms, found 5 plugins.
Native extension for WindowsStandalone target not found
[Package Manager] Failed to launch server process. Reason: Unity was launched with the -noUpm command-line argument
[Package Manager] Unable to send message (not connected to server process).
[Package Manager] Cannot connect to Unity Package Manager local server
Refreshing native plugins compatible for Editor in 2.26 ms, found 5 plugins.
[Package Manager] Failed to launch server process. Reason: Unity was launched with the -noUpm command-line argument
[Package Manager] Unable to send message (not connected to server process).
[Package Manager] Cannot connect to Unity Package Manager local server
ScheduleIndexationOnStartup MainProcess:False IndexOnStartup:True
Scripting: successfully reloaded assembly
- Finished resetting the current domain, in  1.512 seconds
Domain Reload Profiling: 3403ms
	BeginReloadAssembly (420ms)
		DisableScriptedObjects (15ms)
		CreateAndSetChildDomain (112ms)
	RebuildCommonClasses (14ms)
	RebuildNativeTypeToScriptingClass (22ms)
	initialDomainReloadingComplete (131ms)
	LoadAllAssembliesAndSetupDomain (1303ms)
		LoadAssemblies (832ms)
		TypeCache.Refresh (23ms)
		AnalyzeDomain (396ms)
			BuildScriptInfoCaches (383ms)
			ResolveRequiredComponents (6ms)
	FinalizeReload (1513ms)
		SetupLoadedEditorAssemblies (0ms)
			LogAssemblyErrors (5ms)
			InitializePlatformSupportModulesInManaged (3ms)
			BeforeProcessingInitializeOnLoad (231ms)
			ProcessInitializeOnLoadAttributes (407ms)
			ProcessInitializeOnLoadMethodAttributes (410ms)
			AfterProcessingInitializeOnLoad (5ms)
		AwakeInstancesAfterBackupRestoration (41ms)
Refreshing native plugins compatible for Editor in 2.58 ms, found 5 plugins.
Unloading 24 Unused Serialized files (Serialized files now loaded: 0)
Unloading 7673 unused Assets / (5.1 MB). Loaded Objects now: 8706.
Memory consumption went from 414.5 MB to 409.4 MB.
Total: 17.357100 ms (FindLiveObjects: 2.733400 ms CreateObjectMapping: 1.592700 ms MarkObjects: 10.646400 ms  DeleteObjects: 1.915900 ms)

Prepare: number of updated asset objects reloaded= 0
========================================================================
Received Prepare
AcceleratorClientConnectionCallback - disconnected - :0
[Licensing::Client] Successfully resolved entitlement details
Begin MonoManager ReloadAssembly
Symbol file LoadedFromMemory is not a mono symbol file
'Packages/com.unity.render-pipelines.core/Editor/Deprecated.cs' contains partial class of Unity.Object, exactly 1 of the partial classes needs to be in a file with the same filename. This is to know the one that can be referenced from ie. GameObjects
'Packages/com.unity.render-pipelines.core/Editor/Deprecated.cs' contains partial class of Unity.Object, exactly 1 of the partial classes needs to be in a file with the same filename. This is to know the one that can be referenced from ie. GameObjects
Refreshing native plugins compatible for Editor in 9.67 ms, found 5 plugins.
Native extension for WindowsStandalone target not found
[Package Manager] Failed to launch server process. Reason: Unity was launched with the -noUpm command-line argument
[Package Manager] Unable to send message (not connected to server process).
[Package Manager] Cannot connect to Unity Package Manager local server
Refreshing native plugins compatible for Editor in 8.74 ms, found 5 plugins.
[Package Manager] Failed to launch server process. Reason: Unity was launched with the -noUpm command-line argument
[Package Manager] Unable to send message (not connected to server process).
[Package Manager] Cannot connect to Unity Package Manager local server
ScheduleIndexationOnStartup MainProcess:False IndexOnStartup:True
Scripting: successfully reloaded assembly
- Finished resetting the current domain, in  3.069 seconds
Domain Reload Profiling: 5844ms
	BeginReloadAssembly (672ms)
		DisableScriptedObjects (31ms)
		CreateAndSetChildDomain (154ms)
	RebuildCommonClasses (23ms)
	RebuildNativeTypeToScriptingClass (48ms)
	initialDomainReloadingComplete (179ms)
	LoadAllAssembliesAndSetupDomain (1850ms)
		LoadAssemblies (1001ms)
		TypeCache.Refresh (22ms)
		AnalyzeDomain (654ms)
			BuildScriptInfoCaches (636ms)
			ResolveRequiredComponents (14ms)
	FinalizeReload (3072ms)
		SetupLoadedEditorAssemblies (0ms)
			LogAssemblyErrors (8ms)
			InitializePlatformSupportModulesInManaged (6ms)
			BeforeProcessingInitializeOnLoad (491ms)
			ProcessInitializeOnLoadAttributes (812ms)
			ProcessInitializeOnLoadMethodAttributes (891ms)
			AfterProcessingInitializeOnLoad (25ms)
			EditorAssembliesLoaded (3ms)
		AwakeInstancesAfterBackupRestoration (80ms)
Refreshing native plugins compatible for Editor in 14.58 ms, found 5 plugins.
Unloading 24 Unused Serialized files (Serialized files now loaded: 0)
Unloading 7677 unused Assets / (6.2 MB). Loaded Objects now: 8713.
Memory consumption went from 421.1 MB to 414.9 MB.
Total: 22.161700 ms (FindLiveObjects: 2.787000 ms CreateObjectMapping: 1.275700 ms MarkObjects: 14.733600 ms  DeleteObjects: 2.802000 ms)

Prepare: number of updated asset objects reloaded= 0
========================================================================
Received Prepare
AcceleratorClientConnectionCallback - disconnected - :0
[Licensing::Client] Successfully resolved entitlement details
Begin MonoManager ReloadAssembly
Symbol file LoadedFromMemory is not a mono symbol file
'Packages/com.unity.render-pipelines.core/Editor/Deprecated.cs' contains partial class of Unity.Object, exactly 1 of the partial classes needs to be in a file with the same filename. This is to know the one that can be referenced from ie. GameObjects
'Packages/com.unity.render-pipelines.core/Editor/Deprecated.cs' contains partial class of Unity.Object, exactly 1 of the partial classes needs to be in a file with the same filename. This is to know the one that can be referenced from ie. GameObjects
Refreshing native plugins compatible for Editor in 2.06 ms, found 5 plugins.
Native extension for WindowsStandalone target not found
[Package Manager] Failed to launch server process. Reason: Unity was launched with the -noUpm command-line argument
[Package Manager] Unable to send message (not connected to server process).
[Package Manager] Cannot connect to Unity Package Manager local server
Refreshing native plugins compatible for Editor in 3.34 ms, found 5 plugins.
[Package Manager] Failed to launch server process. Reason: Unity was launched with the -noUpm command-line argument
[Package Manager] Unable to send message (not connected to server process).
[Package Manager] Cannot connect to Unity Package Manager local server
ScheduleIndexationOnStartup MainProcess:False IndexOnStartup:True
Scripting: successfully reloaded assembly
- Finished resetting the current domain, in  1.252 seconds
Domain Reload Profiling: 3327ms
	BeginReloadAssembly (908ms)
		DisableScriptedObjects (70ms)
		CreateAndSetChildDomain (331ms)
	RebuildCommonClasses (24ms)
	RebuildNativeTypeToScriptingClass (24ms)
	initialDomainReloadingComplete (112ms)
	LoadAllAssembliesAndSetupDomain (1006ms)
		LoadAssemblies (728ms)
		TypeCache.Refresh (27ms)
		AnalyzeDomain (320ms)
			BuildScriptInfoCaches (310ms)
			ResolveRequiredComponents (6ms)
	FinalizeReload (1254ms)
		SetupLoadedEditorAssemblies (0ms)
			LogAssemblyErrors (4ms)
			InitializePlatformSupportModulesInManaged (3ms)
			BeforeProcessingInitializeOnLoad (215ms)
			ProcessInitializeOnLoadAttributes (355ms)
			ProcessInitializeOnLoadMethodAttributes (366ms)
			AfterProcessingInitializeOnLoad (6ms)
		AwakeInstancesAfterBackupRestoration (30ms)
Refreshing native plugins compatible for Editor in 2.58 ms, found 5 plugins.
Unloading 24 Unused Serialized files (Serialized files now loaded: 0)
Unloading 7677 unused Assets / (5.0 MB). Loaded Objects now: 8716.
Memory consumption went from 427.3 MB to 422.4 MB.
Total: 13.628100 ms (FindLiveObjects: 2.332000 ms CreateObjectMapping: 0.960200 ms MarkObjects: 7.986900 ms  DeleteObjects: 1.954400 ms)

Prepare: number of updated asset objects reloaded= 0
========================================================================
Received Prepare
AcceleratorClientConnectionCallback - disconnected - :0
[Licensing::Client] Successfully resolved entitlement details
Begin MonoManager ReloadAssembly
Symbol file LoadedFromMemory is not a mono symbol file
'Packages/com.unity.render-pipelines.core/Editor/Deprecated.cs' contains partial class of Unity.Object, exactly 1 of the partial classes needs to be in a file with the same filename. This is to know the one that can be referenced from ie. GameObjects
'Packages/com.unity.render-pipelines.core/Editor/Deprecated.cs' contains partial class of Unity.Object, exactly 1 of the partial classes needs to be in a file with the same filename. This is to know the one that can be referenced from ie. GameObjects
Refreshing native plugins compatible for Editor in 7.60 ms, found 5 plugins.
Native extension for WindowsStandalone target not found
[Package Manager] Failed to launch server process. Reason: Unity was launched with the -noUpm command-line argument
[Package Manager] Unable to send message (not connected to server process).
[Package Manager] Cannot connect to Unity Package Manager local server
Refreshing native plugins compatible for Editor in 2.30 ms, found 5 plugins.
[Package Manager] Failed to launch server process. Reason: Unity was launched with the -noUpm command-line argument
[Package Manager] Unable to send message (not connected to server process).
[Package Manager] Cannot connect to Unity Package Manager local server
ScheduleIndexationOnStartup MainProcess:False IndexOnStartup:True
Scripting: successfully reloaded assembly
- Finished resetting the current domain, in  1.161 seconds
Domain Reload Profiling: 2652ms
	BeginReloadAssembly (375ms)
		DisableScriptedObjects (15ms)
		CreateAndSetChildDomain (101ms)
	RebuildCommonClasses (12ms)
	RebuildNativeTypeToScriptingClass (18ms)
	initialDomainReloadingComplete (88ms)
	LoadAllAssembliesAndSetupDomain (997ms)
		LoadAssemblies (528ms)
		TypeCache.Refresh (16ms)
		AnalyzeDomain (417ms)
			BuildScriptInfoCaches (402ms)
			ResolveRequiredComponents (9ms)
	FinalizeReload (1162ms)
		SetupLoadedEditorAssemblies (0ms)
			LogAssemblyErrors (3ms)
			InitializePlatformSupportModulesInManaged (4ms)
			BeforeProcessingInitializeOnLoad (209ms)
			ProcessInitializeOnLoadAttributes (283ms)
			ProcessInitializeOnLoadMethodAttributes (322ms)
			AfterProcessingInitializeOnLoad (6ms)
		AwakeInstancesAfterBackupRestoration (25ms)
Refreshing native plugins compatible for Editor in 2.52 ms, found 5 plugins.
Unloading 24 Unused Serialized files (Serialized files now loaded: 0)
Unloading 7677 unused Assets / (5.8 MB). Loaded Objects now: 8719.
Memory consumption went from 433.5 MB to 427.7 MB.
Total: 10.633600 ms (FindLiveObjects: 1.369500 ms CreateObjectMapping: 0.532200 ms MarkObjects: 6.697000 ms  DeleteObjects: 1.693300 ms)

Prepare: number of updated asset objects reloaded= 0
========================================================================
Received Import Request.
  Time of request: 2026-09-24T01:31:33.4584495Z
  Time since last request: 3024.9019472 seconds.
  importAddress: GUID: 9e1b9564f2c9ca04386806fbbe33352f - Path: Assets/Factory/Bomb.cs - Importer: ScriptedImporter/UnityEditor.QuickSearchModule:UnityEditor.Search:ASIAI0B
Importing 'GUID: 9e1b9564f2c9ca04386806fbbe33352f - Path: Assets/Factory/Bomb.cs - Importer: ScriptedImporter/UnityEditor.QuickSearchModule:UnityEditor.Search:ASIAI0B' with importer (ScriptedImporter : UnityEditor.QuickSearchModule:UnityEditor.Search:ASIAI0B)
Imported 'GUID: 9e1b9564f2c9ca04386806fbbe33352f' -> (Import Result ID: '226a964df418764dfebe37301f0473e1') in 0.200 seconds [static and dynamic dependencies]. Details - ImportResultOutputID=6b1e491e645f1ffc5785a9a32876515b DependenciesID=2dbfe60e850c6c2aec6bf0fcbf0dbe43 StaticDependenciesID=0e49a103bb33fd930ae51162dff6f07b 
Number of updated asset objects reloaded before import = 0
Number of asset objects unloaded after import = 0
========================================================================
Received Import Request.
  Time of request: 2026-09-24T01:31:33.6942171Z
  Time since last request: 0.0049357 seconds.
  importAddress: GUID: e5d50e72f2b69f040ad397a03eb1b14f - Path: Assets/Factory/Arrow.cs - Importer: ScriptedImporter/UnityEditor.QuickSearchModule:UnityEditor.Search:ASIAI0B
Importing 'GUID: e5d50e72f2b69f040ad397a03eb1b14f - Path: Assets/Factory/Arrow.cs - Importer: ScriptedImporter/UnityEditor.QuickSearchModule:UnityEditor.Search:ASIAI0B' with importer (ScriptedImporter : UnityEditor.QuickSearchModule:UnityEditor.Search:ASIAI0B)
Imported 'GUID: e5d50e72f2b69f040ad397a03eb1b14f' -> (Import Result ID: 'bc6d95d46b3e702c50c61498060fbd45') in 0.050 seconds [static and dynamic dependencies]. Details - ImportResultOutputID=4dccc7517f8c21559272cc527dd92df1 DependenciesID=b35383a9710687dd24de958a8f109b46 StaticDependenciesID=dfb803fe961baf7203a1d8e7bbfaad59 
Number of updated asset objects reloaded before import = 0
Number of asset objects unloaded after import = 0
========================================================================
Received Import Request.
  Time of request: 2026-09-24T01:31:33.7781444Z
  Time since last request: 0.0025005 seconds.
  importAddress: GUID: 6d9416af6eef6ba45a66d1aebb794c7f - Path: Assets/Factory/GenericFactory.cs - Importer: ScriptedImporter/UnityEditor.QuickSearchModule:UnityEditor.Search:ASIAI0B
Importing 'GUID: 6d9416af6eef6ba45a66d1aebb794c7f - Path: Assets/Factory/GenericFactory.cs - Importer: ScriptedImporter/UnityEditor.QuickSearchModule:UnityEditor.Search:ASIAI0B' with importer (ScriptedImporter : UnityEditor.QuickSearchModule:UnityEditor.Search:ASIAI0B)
Imported 'GUID: 6d9416af6eef6ba45a66d1aebb794c7f' -> (Import Result ID: '47e0a603a20a2d130dd6538ae32d7a93') in 0.012 seconds [static and dynamic dependencies]. Details - ImportResultOutputID=74f10dc070ef9934a6ee6ec52dd76ac3 DependenciesID=65b02e74ccee34549db1eb5031b93fc5 StaticDependenciesID=4d1d8a47f9bb6eb8fc3b023f85fee80b 
Number of updated asset objects reloaded before import = 0
Number of asset objects unloaded after import = 0
========================================================================
Received Prepare
AcceleratorClientConnectionCallback - disconnected - :0
Refreshing native plugins compatible for Editor in 9.09 ms, found 5 plugins.
Unloading 24 Unused Serialized files (Serialized files now loaded: 0)
Unloading 27 unused Assets / (3.1 MB). Loaded Objects now: 8719.
Memory consumption went from 417.7 MB to 414.6 MB.
Total: 23.794000 ms (FindLiveObjects: 1.892100 ms CreateObjectMapping: 0.628900 ms MarkObjects: 19.987700 ms  DeleteObjects: 0.650600 ms)

Prepare: number of updated asset objects reloaded= 0
========================================================================
Received Import Request.
  Time of request: 2026-09-24T01:31:38.6256607Z
  Time since last request: 4.7880723 seconds.
  importAddress: GUID: 9ee68089f270a8b49a539fa76452cf73 - Path: Assets/Prefabs - Importer: PreviewImporter
Importing 'GUID: 9ee68089f270a8b49a539fa76452cf73 - Path: Assets/Prefabs - Importer: PreviewImporter' with importer (PreviewImporter)
Imported 'GUID: 9ee68089f270a8b49a539fa76452cf73' -> (Import Result ID: '5eb3a840a1280b5d57c32b4c4c0545d1') in 0.002 seconds [static and dynamic dependencies]. Details - ImportResultOutputID=09bf50f5973f8a5c2b729b68e932463a DependenciesID=e5cf0651dac427358181f2bef7bc213e StaticDependenciesID=1c048ad45a125beae910a58ecb22ad55 
Number of updated asset objects reloaded before import = 0
Number of asset objects unloaded after import = 0
========================================================================
Received Import Request.
  Time of request: 2026-09-24T01:31:54.4106251Z
  Time since last request: 15.737857 seconds.
  importAddress: GUID: 26f4ce6aa211f0e438ece02d7a8322f4 - Path: Assets/Prefabs/NPC.prefab - Importer: ScriptedImporter/UnityEditor.QuickSearchModule:UnityEditor.Search:ASIAI0B
Importing 'GUID: 26f4ce6aa211f0e438ece02d7a8322f4 - Path: Assets/Prefabs/NPC.prefab - Importer: ScriptedImporter/UnityEditor.QuickSearchModule:UnityEditor.Search:ASIAI0B' with importer (ScriptedImporter : UnityEditor.QuickSearchModule:UnityEditor.Search:ASIAI0B)
Imported 'GUID: 26f4ce6aa211f0e438ece02d7a8322f4' -> (Import Result ID: 'cc5fc756063cd05f0a9f6af36c35e4c3') in 0.149 seconds [static and dynamic dependencies]. Details - ImportResultOutputID=5477b9671fb21d93ac5710e877b051e7 DependenciesID=5c6b571c3ddae2ea6a9f73375ba87a9a StaticDependenciesID=8e5a06c1a305fffa5cfc05f5fd34d15a 
Number of updated asset objects reloaded before import = 0
Number of asset objects unloaded after import = 10
========================================================================
Received Prepare
AcceleratorClientConnectionCallback - disconnected - :0
[Licensing::Client] Successfully resolved entitlement details
Begin MonoManager ReloadAssembly
Symbol file LoadedFromMemory is not a mono symbol file
'Packages/com.unity.render-pipelines.core/Editor/Deprecated.cs' contains partial class of Unity.Object, exactly 1 of the partial classes needs to be in a file with the same filename. This is to know the one that can be referenced from ie. GameObjects
'Packages/com.unity.render-pipelines.core/Editor/Deprecated.cs' contains partial class of Unity.Object, exactly 1 of the partial classes needs to be in a file with the same filename. This is to know the one that can be referenced from ie. GameObjects
Refreshing native plugins compatible for Editor in 4.06 ms, found 5 plugins.
Native extension for WindowsStandalone target not found
[Package Manager] Failed to launch server process. Reason: Unity was launched with the -noUpm command-line argument
[Package Manager] Unable to send message (not connected to server process).
[Package Manager] Cannot connect to Unity Package Manager local server
Refreshing native plugins compatible for Editor in 2.43 ms, found 5 plugins.
[Package Manager] Failed to launch server process. Reason: Unity was launched with the -noUpm command-line argument
[Package Manager] Unable to send message (not connected to server process).
[Package Manager] Cannot connect to Unity Package Manager local server
ScheduleIndexationOnStartup MainProcess:False IndexOnStartup:True
Scripting: successfully reloaded assembly
- Finished resetting the current domain, in  1.562 seconds
Domain Reload Profiling: 3457ms
	BeginReloadAssembly (606ms)
		DisableScriptedObjects (16ms)
		CreateAndSetChildDomain (226ms)
	RebuildCommonClasses (20ms)
	RebuildNativeTypeToScriptingClass (37ms)
	initialDomainReloadingComplete (127ms)
	LoadAllAssembliesAndSetupDomain (1104ms)
		LoadAssemblies (657ms)
		TypeCache.Refresh (84ms)
			TypeCache.ScanAssembly (59ms)
		AnalyzeDomain (271ms)
			BuildScriptInfoCaches (256ms)
			ResolveRequiredComponents (8ms)
	FinalizeReload (1564ms)
		SetupLoadedEditorAssemblies (0ms)
			LogAssemblyErrors (6ms)
			InitializePlatformSupportModulesInManaged (3ms)
			BeforeProcessingInitializeOnLoad (216ms)
			ProcessInitializeOnLoadAttributes (409ms)
			ProcessInitializeOnLoadMethodAttributes (429ms)
			AfterProcessingInitializeOnLoad (13ms)
			EditorAssembliesLoaded (4ms)
		AwakeInstancesAfterBackupRestoration (50ms)
Refreshing native plugins compatible for Editor in 4.88 ms, found 5 plugins.
Unloading 24 Unused Serialized files (Serialized files now loaded: 0)
Unloading 8320 unused Assets / (5.7 MB). Loaded Objects now: 9370.
Memory consumption went from 435.7 MB to 430.0 MB.
Total: 21.070700 ms (FindLiveObjects: 3.964000 ms CreateObjectMapping: 2.354300 ms MarkObjects: 10.761300 ms  DeleteObjects: 3.476800 ms)

Prepare: number of updated asset objects reloaded= 0
========================================================================
Received Prepare
AcceleratorClientConnectionCallback - disconnected - :0
Refreshing native plugins compatible for Editor in 2.99 ms, found 5 plugins.
Unloading 24 Unused Serialized files (Serialized files now loaded: 0)
Unloading 24 unused Assets / (3.0 MB). Loaded Objects now: 9370.
Memory consumption went from 431.9 MB to 428.9 MB.
Total: 10.539200 ms (FindLiveObjects: 1.247800 ms CreateObjectMapping: 0.401700 ms MarkObjects: 8.133200 ms  DeleteObjects: 0.408000 ms)

Prepare: number of updated asset objects reloaded= 0
========================================================================
Received Prepare
AcceleratorClientConnectionCallback - disconnected - :0
Refreshing native plugins compatible for Editor in 2.23 ms, found 5 plugins.
Unloading 24 Unused Serialized files (Serialized files now loaded: 0)
Unloading 24 unused Assets / (2.9 MB). Loaded Objects now: 9370.
Memory consumption went from 433.9 MB to 431.0 MB.
Total: 8.518500 ms (FindLiveObjects: 1.195800 ms CreateObjectMapping: 0.244200 ms MarkObjects: 6.377100 ms  DeleteObjects: 0.362500 ms)

Prepare: number of updated asset objects reloaded= 0
========================================================================
Received Prepare
AcceleratorClientConnectionCallback - disconnected - :0
[Licensing::Client] Successfully resolved entitlement details
Begin MonoManager ReloadAssembly
Symbol file LoadedFromMemory is not a mono symbol file
'Packages/com.unity.render-pipelines.core/Editor/Deprecated.cs' contains partial class of Unity.Object, exactly 1 of the partial classes needs to be in a file with the same filename. This is to know the one that can be referenced from ie. GameObjects
'Packages/com.unity.render-pipelines.core/Editor/Deprecated.cs' contains partial class of Unity.Object, exactly 1 of the partial classes needs to be in a file with the same filename. This is to know the one that can be referenced from ie. GameObjects
Refreshing native plugins compatible for Editor in 4.06 ms, found 5 plugins.
Native extension for WindowsStandalone target not found
[Package Manager] Failed to launch server process. Reason: Unity was launched with the -noUpm command-line argument
[Package Manager] Unable to send message (not connected to server process).
[Package Manager] Cannot connect to Unity Package Manager local server
Refreshing native plugins compatible for Editor in 4.33 ms, found 5 plugins.
[Package Manager] Failed to launch server process. Reason: Unity was launched with the -noUpm command-line argument
[Package Manager] Unable to send message (not connected to server process).
[Package Manager] Cannot connect to Unity Package Manager local server
ScheduleIndexationOnStartup MainProcess:False IndexOnStartup:True
Scripting: successfully reloaded assembly
- Finished resetting the current domain, in  1.527 seconds
Domain Reload Profiling: 3769ms
	BeginReloadAssembly (671ms)
		DisableScriptedObjects (49ms)
		CreateAndSetChildDomain (199ms)
	RebuildCommonClasses (14ms)
	RebuildNativeTypeToScriptingClass (22ms)
	initialDomainReloadingComplete (104ms)
	LoadAllAssembliesAndSetupDomain (1428ms)
		LoadAssemblies (876ms)
		TypeCache.Refresh (30ms)
		AnalyzeDomain (422ms)
			BuildScriptInfoCaches (399ms)
			ResolveRequiredComponents (13ms)
	FinalizeReload (1529ms)
		SetupLoadedEditorAssemblies (0ms)
			LogAssemblyErrors (6ms)
			InitializePlatformSupportModulesInManaged (4ms)
			BeforeProcessingInitializeOnLoad (213ms)
			ProcessInitializeOnLoadAttributes (449ms)
			ProcessInitializeOnLoadMethodAttributes (481ms)
			AfterProcessingInitializeOnLoad (7ms)
			EditorAssembliesLoaded (3ms)
		AwakeInstancesAfterBackupRestoration (32ms)
Refreshing native plugins compatible for Editor in 2.36 ms, found 5 plugins.
Unloading 24 Unused Serialized files (Serialized files now loaded: 0)
Unloading 8322 unused Assets / (6.5 MB). Loaded Objects now: 9389.
Memory consumption went from 445.7 MB to 439.2 MB.
Total: 15.462800 ms (FindLiveObjects: 2.636200 ms CreateObjectMapping: 0.712500 ms MarkObjects: 8.866900 ms  DeleteObjects: 2.803400 ms)

Prepare: number of updated asset objects reloaded= 0
========================================================================
Received Prepare
AcceleratorClientConnectionCallback - disconnected - :0
'Packages/com.unity.render-pipelines.core/Editor/Deprecated.cs' contains partial class of Unity.Object, exactly 1 of the partial classes needs to be in a file with the same filename. This is to know the one that can be referenced from ie. GameObjects
'Packages/com.unity.render-pipelines.core/Editor/Deprecated.cs' contains partial class of Unity.Object, exactly 1 of the partial classes needs to be in a file with the same filename. This is to know the one that can be referenced from ie. GameObjects
Refreshing native plugins compatible for Editor in 3.21 ms, found 5 plugins.
Unloading 24 Unused Serialized files (Serialized files now loaded: 0)
Unloading 8302 unused Assets / (6.5 MB). Loaded Objects now: 9389.
Memory consumption went from 447.8 MB to 441.3 MB.
Total: 20.399800 ms (FindLiveObjects: 2.238400 ms CreateObjectMapping: 1.082800 ms MarkObjects: 12.756800 ms  DeleteObjects: 3.618000 ms)

Prepare: number of updated asset objects reloaded= 0
========================================================================
Received Prepare
AcceleratorClientConnectionCallback - disconnected - :0
[Licensing::Client] Successfully resolved entitlement details
Begin MonoManager ReloadAssembly
Symbol file LoadedFromMemory is not a mono symbol file
'Packages/com.unity.render-pipelines.core/Editor/Deprecated.cs' contains partial class of Unity.Object, exactly 1 of the partial classes needs to be in a file with the same filename. This is to know the one that can be referenced from ie. GameObjects
'Packages/com.unity.render-pipelines.core/Editor/Deprecated.cs' contains partial class of Unity.Object, exactly 1 of the partial classes needs to be in a file with the same filename. This is to know the one that can be referenced from ie. GameObjects
Refreshing native plugins compatible for Editor in 3.16 ms, found 5 plugins.
Native extension for WindowsStandalone target not found
[Package Manager] Failed to launch server process. Reason: Unity was launched with the -noUpm command-line argument
[Package Manager] Unable to send message (not connected to server process).
[Package Manager] Cannot connect to Unity Package Manager local server
Refreshing native plugins compatible for Editor in 2.46 ms, found 5 plugins.
[Package Manager] Failed to launch server process. Reason: Unity was launched with the -noUpm command-line argument
[Package Manager] Unable to send message (not connected to server process).
[Package Manager] Cannot connect to Unity Package Manager local server
ScheduleIndexationOnStartup MainProcess:False IndexOnStartup:True
Scripting: successfully reloaded assembly
- Finished resetting the current domain, in  1.244 seconds
Domain Reload Profiling: 2624ms
	BeginReloadAssembly (366ms)
		DisableScriptedObjects (15ms)
		CreateAndSetChildDomain (98ms)
	RebuildCommonClasses (16ms)
	RebuildNativeTypeToScriptingClass (25ms)
	initialDomainReloadingComplete (92ms)
	LoadAllAssembliesAndSetupDomain (881ms)
		LoadAssemblies (498ms)
		TypeCache.Refresh (14ms)
		AnalyzeDomain (316ms)
			BuildScriptInfoCaches (302ms)
			ResolveRequiredComponents (10ms)
	FinalizeReload (1245ms)
		SetupLoadedEditorAssemblies (0ms)
			LogAssemblyErrors (6ms)
			BeforeProcessingInitializeOnLoad (167ms)
			ProcessInitializeOnLoadAttributes (337ms)
			ProcessInitializeOnLoadMethodAttributes (376ms)
			AfterProcessingInitializeOnLoad (8ms)
		AwakeInstancesAfterBackupRestoration (27ms)
Refreshing native plugins compatible for Editor in 2.18 ms, found 5 plugins.
Unloading 24 Unused Serialized files (Serialized files now loaded: 0)
Unloading 8322 unused Assets / (5.4 MB). Loaded Objects now: 9395.
Memory consumption went from 454.0 MB to 448.6 MB.
Total: 11.710600 ms (FindLiveObjects: 1.526100 ms CreateObjectMapping: 0.582100 ms MarkObjects: 7.164600 ms  DeleteObjects: 2.061500 ms)

Prepare: number of updated asset objects reloaded= 0
========================================================================
Received Prepare
AcceleratorClientConnectionCallback - disconnected - :0
'Packages/com.unity.render-pipelines.core/Editor/Deprecated.cs' contains partial class of Unity.Object, exactly 1 of the partial classes needs to be in a file with the same filename. This is to know the one that can be referenced from ie. GameObjects
'Packages/com.unity.render-pipelines.core/Editor/Deprecated.cs' contains partial class of Unity.Object, exactly 1 of the partial classes needs to be in a file with the same filename. This is to know the one that can be referenced from ie. GameObjects
Refreshing native plugins compatible for Editor in 2.21 ms, found 5 plugins.
Unloading 24 Unused Serialized files (Serialized files now loaded: 0)
Unloading 8302 unused Assets / (6.7 MB). Loaded Objects now: 9395.
Memory consumption went from 456.1 MB to 449.4 MB.
Total: 16.569200 ms (FindLiveObjects: 2.124800 ms CreateObjectMapping: 0.989500 ms MarkObjects: 10.665400 ms  DeleteObjects: 2.373600 ms)

Prepare: number of updated asset objects reloaded= 0
========================================================================
Received Prepare
AcceleratorClientConnectionCallback - disconnected - :0
Begin MonoManager ReloadAssembly
Symbol file LoadedFromMemory is not a mono symbol file
'Packages/com.unity.render-pipelines.core/Editor/Deprecated.cs' contains partial class of Unity.Object, exactly 1 of the partial classes needs to be in a file with the same filename. This is to know the one that can be referenced from ie. GameObjects
'Packages/com.unity.render-pipelines.core/Editor/Deprecated.cs' contains partial class of Unity.Object, exactly 1 of the partial classes needs to be in a file with the same filename. This is to know the one that can be referenced from ie. GameObjects
Native extension for WindowsStandalone target not found
[Package Manager] Failed to launch server process. Reason: Unity was launched with the -noUpm command-line argument
[Package Manager] Unable to send message (not connected to server process).
[Package Manager] Cannot connect to Unity Package Manager local server
Refreshing native plugins compatible for Editor in 2.07 ms, found 5 plugins.
[Package Manager] Failed to launch server process. Reason: Unity was launched with the -noUpm command-line argument
[Package Manager] Unable to send message (not connected to server process).
[Package Manager] Cannot connect to Unity Package Manager local server
ScheduleIndexationOnStartup MainProcess:False IndexOnStartup:True
Scripting: successfully reloaded assembly
- Finished resetting the current domain, in  1.297 seconds
Domain Reload Profiling: 2748ms
	BeginReloadAssembly (403ms)
		DisableScriptedObjects (16ms)
		CreateAndSetChildDomain (115ms)
	RebuildCommonClasses (17ms)
	RebuildNativeTypeToScriptingClass (18ms)
	initialDomainReloadingComplete (74ms)
	LoadAllAssembliesAndSetupDomain (937ms)
		LoadAssemblies (526ms)
		TypeCache.Refresh (15ms)
		AnalyzeDomain (348ms)
			BuildScriptInfoCaches (337ms)
			ResolveRequiredComponents (8ms)
	FinalizeReload (1298ms)
		SetupLoadedEditorAssemblies (0ms)
			LogAssemblyErrors (6ms)
			BeforeProcessingInitializeOnLoad (188ms)
			ProcessInitializeOnLoadAttributes (345ms)
			ProcessInitializeOnLoadMethodAttributes (400ms)
			AfterProcessingInitializeOnLoad (6ms)
			EditorAssembliesLoaded (3ms)
		AwakeInstancesAfterBackupRestoration (41ms)
Refreshing native plugins compatible for Editor in 2.56 ms, found 5 plugins.
Unloading 24 Unused Serialized files (Serialized files now loaded: 0)
Unloading 8322 unused Assets / (6.8 MB). Loaded Objects now: 9401.
Memory consumption went from 461.9 MB to 455.1 MB.
Total: 13.511700 ms (FindLiveObjects: 1.684800 ms CreateObjectMapping: 0.679500 ms MarkObjects: 7.556600 ms  DeleteObjects: 3.171600 ms)

Prepare: number of updated asset objects reloaded= 0
========================================================================
Received Prepare
AcceleratorClientConnectionCallback - disconnected - :0
Refreshing native plugins compatible for Editor in 13.54 ms, found 5 plugins.
Unloading 24 Unused Serialized files (Serialized files now loaded: 0)
Unloading 24 unused Assets / (3.1 MB). Loaded Objects now: 9401.
Memory consumption went from 458.1 MB to 455.1 MB.
Total: 13.754700 ms (FindLiveObjects: 1.205200 ms CreateObjectMapping: 0.298000 ms MarkObjects: 11.334900 ms  DeleteObjects: 0.542300 ms)

Prepare: number of updated asset objects reloaded= 0
========================================================================
Received Prepare
AcceleratorClientConnectionCallback - disconnected - :0
[Licensing::Client] Successfully resolved entitlement details
Begin MonoManager ReloadAssembly
Symbol file LoadedFromMemory is not a mono symbol file
'Packages/com.unity.render-pipelines.core/Editor/Deprecated.cs' contains partial class of Unity.Object, exactly 1 of the partial classes needs to be in a file with the same filename. This is to know the one that can be referenced from ie. GameObjects
'Packages/com.unity.render-pipelines.core/Editor/Deprecated.cs' contains partial class of Unity.Object, exactly 1 of the partial classes needs to be in a file with the same filename. This is to know the one that can be referenced from ie. GameObjects
Refreshing native plugins compatible for Editor in 5.96 ms, found 5 plugins.
Native extension for WindowsStandalone target not found
[Package Manager] Failed to launch server process. Reason: Unity was launched with the -noUpm command-line argument
[Package Manager] Unable to send message (not connected to server process).
[Package Manager] Cannot connect to Unity Package Manager local server
[Package Manager] Failed to launch server process. Reason: Unity was launched with the -noUpm command-line argument
[Package Manager] Unable to send message (not connected to server process).
[Package Manager] Cannot connect to Unity Package Manager local server
ScheduleIndexationOnStartup MainProcess:False IndexOnStartup:True
Scripting: successfully reloaded assembly
- Finished resetting the current domain, in  1.271 seconds
Domain Reload Profiling: 3362ms
	BeginReloadAssembly (535ms)
		DisableScriptedObjects (30ms)
		CreateAndSetChildDomain (133ms)
	RebuildCommonClasses (15ms)
	RebuildNativeTypeToScriptingClass (36ms)
	initialDomainReloadingComplete (130ms)
	LoadAllAssembliesAndSetupDomain (1375ms)
		LoadAssemblies (781ms)
		TypeCache.Refresh (18ms)
		AnalyzeDomain (447ms)
			BuildScriptInfoCaches (433ms)
			ResolveRequiredComponents (9ms)
	FinalizeReload (1272ms)
		SetupLoadedEditorAssemblies (0ms)
			LogAssemblyErrors (8ms)
			BeforeProcessingInitializeOnLoad (197ms)
			ProcessInitializeOnLoadAttributes (339ms)
			ProcessInitializeOnLoadMethodAttributes (318ms)
			AfterProcessingInitializeOnLoad (6ms)
		AwakeInstancesAfterBackupRestoration (26ms)
Refreshing native plugins compatible for Editor in 2.17 ms, found 5 plugins.
Unloading 24 Unused Serialized files (Serialized files now loaded: 0)
Unloading 8322 unused Assets / (6.2 MB). Loaded Objects now: 9407.
Memory consumption went from 470.3 MB to 464.1 MB.
Total: 11.522800 ms (FindLiveObjects: 1.490300 ms CreateObjectMapping: 0.543000 ms MarkObjects: 6.772600 ms  DeleteObjects: 2.358600 ms)

Prepare: number of updated asset objects reloaded= 0
========================================================================
Received Prepare
AcceleratorClientConnectionCallback - disconnected - :0
Begin MonoManager ReloadAssembly
Symbol file LoadedFromMemory is not a mono symbol file
'Packages/com.unity.render-pipelines.core/Editor/Deprecated.cs' contains partial class of Unity.Object, exactly 1 of the partial classes needs to be in a file with the same filename. This is to know the one that can be referenced from ie. GameObjects
'Packages/com.unity.render-pipelines.core/Editor/Deprecated.cs' contains partial class of Unity.Object, exactly 1 of the partial classes needs to be in a file with the same filename. This is to know the one that can be referenced from ie. GameObjects
Refreshing native plugins compatible for Editor in 3.46 ms, found 5 plugins.
Native extension for WindowsStandalone target not found
[Package Manager] Failed to launch server process. Reason: Unity was launched with the -noUpm command-line argument
[Package Manager] Unable to send message (not connected to server process).
[Package Manager] Cannot connect to Unity Package Manager local server
Refreshing native plugins compatible for Editor in 2.28 ms, found 5 plugins.
[Package Manager] Failed to launch server process. Reason: Unity was launched with the -noUpm command-line argument
[Package Manager] Unable to send message (not connected to server process).
[Package Manager] Cannot connect to Unity Package Manager local server
ScheduleIndexationOnStartup MainProcess:False IndexOnStartup:True
Scripting: successfully reloaded assembly
- Finished resetting the current domain, in  1.312 seconds
Domain Reload Profiling: 2740ms
	BeginReloadAssembly (406ms)
		DisableScriptedObjects (16ms)
		CreateAndSetChildDomain (112ms)
	RebuildCommonClasses (11ms)
	RebuildNativeTypeToScriptingClass (27ms)
	initialDomainReloadingComplete (80ms)
	LoadAllAssembliesAndSetupDomain (902ms)
		LoadAssemblies (501ms)
		TypeCache.Refresh (17ms)
		AnalyzeDomain (316ms)
			BuildScriptInfoCaches (308ms)
			ResolveRequiredComponents (5ms)
	FinalizeReload (1314ms)
		SetupLoadedEditorAssemblies (0ms)
			LogAssemblyErrors (4ms)
			BeforeProcessingInitializeOnLoad (188ms)
			ProcessInitializeOnLoadAttributes (341ms)
			ProcessInitializeOnLoadMethodAttributes (407ms)
			AfterProcessingInitializeOnLoad (5ms)
		AwakeInstancesAfterBackupRestoration (37ms)
Refreshing native plugins compatible for Editor in 2.03 ms, found 5 plugins.
Unloading 24 Unused Serialized files (Serialized files now loaded: 0)
Unloading 8322 unused Assets / (5.8 MB). Loaded Objects now: 9413.
Memory consumption went from 475.6 MB to 469.9 MB.
Total: 11.591600 ms (FindLiveObjects: 1.456700 ms CreateObjectMapping: 0.593800 ms MarkObjects: 7.240400 ms  DeleteObjects: 1.928000 ms)

Prepare: number of updated asset objects reloaded= 0
========================================================================
Received Prepare
AcceleratorClientConnectionCallback - disconnected - :0
[Licensing::Client] Successfully resolved entitlement details
Begin MonoManager ReloadAssembly
Symbol file LoadedFromMemory is not a mono symbol file
'Packages/com.unity.render-pipelines.core/Editor/Deprecated.cs' contains partial class of Unity.Object, exactly 1 of the partial classes needs to be in a file with the same filename. This is to know the one that can be referenced from ie. GameObjects
'Packages/com.unity.render-pipelines.core/Editor/Deprecated.cs' contains partial class of Unity.Object, exactly 1 of the partial classes needs to be in a file with the same filename. This is to know the one that can be referenced from ie. GameObjects
Refreshing native plugins compatible for Editor in 2.64 ms, found 5 plugins.
Native extension for WindowsStandalone target not found
[Package Manager] Failed to launch server process. Reason: Unity was launched with the -noUpm command-line argument
[Package Manager] Unable to send message (not connected to server process).
[Package Manager] Cannot connect to Unity Package Manager local server
Refreshing native plugins compatible for Editor in 5.26 ms, found 5 plugins.
[Package Manager] Failed to launch server process. Reason: Unity was launched with the -noUpm command-line argument
[Package Manager] Unable to send message (not connected to server process).
[Package Manager] Cannot connect to Unity Package Manager local server
ScheduleIndexationOnStartup MainProcess:False IndexOnStartup:True
Scripting: successfully reloaded assembly
- Finished resetting the current domain, in  1.983 seconds
Domain Reload Profiling: 4145ms
	BeginReloadAssembly (547ms)
		DisableScriptedObjects (28ms)
		CreateAndSetChildDomain (145ms)
	RebuildCommonClasses (22ms)
	RebuildNativeTypeToScriptingClass (37ms)
	initialDomainReloadingComplete (136ms)
	LoadAllAssembliesAndSetupDomain (1419ms)
		LoadAssemblies (747ms)
		TypeCache.Refresh (25ms)
		AnalyzeDomain (524ms)
			BuildScriptInfoCaches (507ms)
			ResolveRequiredComponents (13ms)
	FinalizeReload (1985ms)
		SetupLoadedEditorAssemblies (0ms)
			LogAssemblyErrors (8ms)
			InitializePlatformSupportModulesInManaged (3ms)
			BeforeProcessingInitializeOnLoad (312ms)
			ProcessInitializeOnLoadAttributes (429ms)
			ProcessInitializeOnLoadMethodAttributes (756ms)
			AfterProcessingInitializeOnLoad (7ms)
		AwakeInstancesAfterBackupRestoration (44ms)
Refreshing native plugins compatible for Editor in 4.80 ms, found 5 plugins.
Unloading 24 Unused Serialized files (Serialized files now loaded: 0)
Unloading 8322 unused Assets / (6.9 MB). Loaded Objects now: 9419.
Memory consumption went from 481.8 MB to 474.9 MB.
Total: 24.321700 ms (FindLiveObjects: 2.417900 ms CreateObjectMapping: 1.892200 ms MarkObjects: 13.853700 ms  DeleteObjects: 5.391900 ms)

Prepare: number of updated asset objects reloaded= 0
========================================================================
Received Prepare
AcceleratorClientConnectionCallback - disconnected - :0
Refreshing native plugins compatible for Editor in 2.27 ms, found 5 plugins.
Unloading 24 Unused Serialized files (Serialized files now loaded: 0)
Unloading 24 unused Assets / (3.1 MB). Loaded Objects now: 9419.
Memory consumption went from 478.1 MB to 475.0 MB.
Total: 9.232600 ms (FindLiveObjects: 1.204200 ms CreateObjectMapping: 0.233300 ms MarkObjects: 7.048900 ms  DeleteObjects: 0.413500 ms)

Prepare: number of updated asset objects reloaded= 0
========================================================================
Received Prepare
AcceleratorClientConnectionCallback - disconnected - :0
[Licensing::Client] Successfully resolved entitlement details
Begin MonoManager ReloadAssembly
Symbol file LoadedFromMemory is not a mono symbol file
'Packages/com.unity.render-pipelines.core/Editor/Deprecated.cs' contains partial class of Unity.Object, exactly 1 of the partial classes needs to be in a file with the same filename. This is to know the one that can be referenced from ie. GameObjects
'Packages/com.unity.render-pipelines.core/Editor/Deprecated.cs' contains partial class of Unity.Object, exactly 1 of the partial classes needs to be in a file with the same filename. This is to know the one that can be referenced from ie. GameObjects
Refreshing native plugins compatible for Editor in 3.05 ms, found 5 plugins.
Native extension for WindowsStandalone target not found
[Package Manager] Failed to launch server process. Reason: Unity was launched with the -noUpm command-line argument
[Package Manager] Unable to send message (not connected to server process).
[Package Manager] Cannot connect to Unity Package Manager local server
Refreshing native plugins compatible for Editor in 3.39 ms, found 5 plugins.
[Package Manager] Failed to launch server process. Reason: Unity was launched with the -noUpm command-line argument
[Package Manager] Unable to send message (not connected to server process).
[Package Manager] Cannot connect to Unity Package Manager local server
ScheduleIndexationOnStartup MainProcess:False IndexOnStartup:True
Scripting: successfully reloaded assembly
- Finished resetting the current domain, in  1.177 seconds
Domain Reload Profiling: 2560ms
	BeginReloadAssembly (391ms)
		DisableScriptedObjects (14ms)
		CreateAndSetChildDomain (122ms)
	RebuildCommonClasses (13ms)
	RebuildNativeTypeToScriptingClass (21ms)
	initialDomainReloadingComplete (84ms)
	LoadAllAssembliesAndSetupDomain (873ms)
		LoadAssemblies (496ms)
		TypeCache.Refresh (13ms)
		AnalyzeDomain (300ms)
			BuildScriptInfoCaches (291ms)
			ResolveRequiredComponents (7ms)
	FinalizeReload (1178ms)
		SetupLoadedEditorAssemblies (0ms)
			LogAssemblyErrors (4ms)
			BeforeProcessingInitializeOnLoad (199ms)
			ProcessInitializeOnLoadAttributes (323ms)
			ProcessInitializeOnLoadMethodAttributes (318ms)
			AfterProcessingInitializeOnLoad (5ms)
		AwakeInstancesAfterBackupRestoration (26ms)
Refreshing native plugins compatible for Editor in 2.74 ms, found 5 plugins.
Unloading 24 Unused Serialized files (Serialized files now loaded: 0)
Unloading 8322 unused Assets / (5.8 MB). Loaded Objects now: 9425.
Memory consumption went from 490.3 MB to 484.5 MB.
Total: 13.520300 ms (FindLiveObjects: 1.556000 ms CreateObjectMapping: 0.477300 ms MarkObjects: 9.150200 ms  DeleteObjects: 2.012200 ms)

Prepare: number of updated asset objects reloaded= 0
========================================================================
Received Prepare
AcceleratorClientConnectionCallback - disconnected - :0
Refreshing native plugins compatible for Editor in 5.40 ms, found 5 plugins.
Unloading 24 Unused Serialized files (Serialized files now loaded: 0)
Unloading 24 unused Assets / (3.0 MB). Loaded Objects now: 9425.
Memory consumption went from 486.5 MB to 483.5 MB.
Total: 17.201500 ms (FindLiveObjects: 1.409100 ms CreateObjectMapping: 0.337100 ms MarkObjects: 14.125200 ms  DeleteObjects: 0.687100 ms)

Prepare: number of updated asset objects reloaded= 0
Editor requested this worker to shutdown with reason: Editor is closing down
AssetImportWorkerClient::OnTransportError - code=2 error=End of file
AcceleratorClientConnectionCallback - disconnected - :0
AssetImportWorker is now disconnected from the server
Process exiting
[ExitDontLaunchBugReporter] Exiting without the bug reporter. Application will exit with return code 0
