[Licensing::Module] Trying to connect to existing licensing client channel...
Built from '6000.6/respin/6000.6.0f1-fa21a270ab12' branch; Version is '6000.6.0f1 (f7f8ed4d1e24) revision 16251117'; Using compiler version '194234433'; Build Type 'Release'
OS: 'Windows 11  (10.0.26200) Professional' Language: 'en' Physical Memory: 16059 MB
BatchMode: 1, IsHumanControllingUs: 0, StartBugReporterOnCrash: 0, Is64bit: 1
System  architecture: x64
Process architecture: x64
Date: 2026-09-24T00:10:45Z
[Licensing::IpcConnector] Successfully connected to: "LicenseClient-doria" at "2026-09-24T00:10:45.1287381Z"
[Licensing::Client] Code 10 while verifying Licensing Client signature (process Id: 28304, path: "C:/Program Files/Unity Hub/UnityLicensingClient_V1/Unity.Licensing.Client.exe")
[Licensing::Module] LicensingClient has failed validation; ignoring
[Licensing::Client] Handshaking with LicensingClient:
  Version:                 1.18.3+d7ffd15
  Session Id:              ff7b398fd15d47f59ac5b2db8ee6b44e
  Correlation Id:          63aced60d37697a7e8c82ee6a024781b
  External correlation Id: 8614858227054178508
  Machine Id:              I5OkDT2zQEDfBdwoIMoXqrFtd30=
[Licensing::Module] Successfully connected to LicensingClient on channel: "LicenseClient-doria" (connect: 0.00s, validation: 0.00s, handshake: 0.04s)
[Licensing::IpcConnector] Successfully connected to: "LicenseClient-doria-notifications" at "2026-09-24T00:10:45.1744536Z"
[Licensing::Module] Licensing Background thread has ended after 0.05s

COMMAND LINE ARGUMENTS:
C:\Program Files\Unity\Hub\Editor\6000.6.0f1\Editor\Unity.exe
-adb2
-batchMode
-noUpm
-name
AssetImportWorkerHW3
-projectPath
C:/Users/doria/Documents/Game Dev Term 3/Game Programming 2/Demos/Vector Demo
-logFile
Logs/AssetImportWorkerHW3.log
-srvPort
60292
-parentPid
4916
-analyticsCloudUserId
3573470352323
-analyticsCloudProjectId
f10b0815-bef3-4252-9025-1b17cb0d9ae1
-analyticsLocalProjectId
5651ec62162f327429228a03077507e9
-editorAnalyticsEnabled
1
-cbmEditorLicense
9ebb1d79818f9c7200e47aec10e411cea4cdb493
-cbmMachineId
I5OkDT2zQEDfBdwoIMoXqrFtd30=
-licensingIpc
LicenseClient-doria
-noDiagnosticSwitchPersistentStore
-job-worker-count
5
-background-job-worker-count
8
-asset-garbage-collectors
1
-force-d3d12
-name
AssetImport
Successfully changed project path to: C:/Users/doria/Documents/Game Dev Term 3/Game Programming 2/Demos/Vector Demo
C:/Users/doria/Documents/Game Dev Term 3/Game Programming 2/Demos/Vector Demo
[UnityMemory] Configuration Parameters - Can be set up in boot.config
    "memorysetup-temp-allocator-size-gi-baking-worker=262144"
    "memorysetup-temp-allocator-size-gi-baking-worker=262144"
    "memorysetup-temp-allocator-size-gi-baking-worker=262144"
    "memorysetup-temp-allocator-size-gi-baking-worker=262144"
    "memorysetup-temp-allocator-size-gi-baking-worker=262144"
    "memorysetup-temp-allocator-size-nav-mesh-worker=65536"
    "memorysetup-temp-allocator-size-audio-worker=65536"
    "memorysetup-temp-allocator-size-cloud-worker=32768"
    "memorysetup-temp-allocator-size-gfx=262144"
    "memorysetup-remapper-allocator-initial-capacity=32768"
    "memorysetup-temp-allocator-size-preload-manager=33554432"
    "memorysetup-allocator-temp-initial-block-size-main=262144"
    "memorysetup-allocator-temp-initial-block-size-worker=262144"
    "memorysetup-temp-allocator-size-job-worker=262144"
    "memorysetup-temp-allocator-size-background-worker=32768"
    "memorysetup-bucket-allocator-granularity=16"
    "memorysetup-bucket-allocator-bucket-count=8"
    "memorysetup-bucket-allocator-block-size=33554432"
    "memorysetup-bucket-allocator-block-count=8"
    "memorysetup-main-allocator-block-size=16777216"
    "memorysetup-thread-allocator-block-size=16777216"
    "memorysetup-main-allocator-mimalloc-enabled=1"
    "memorysetup-gfx-main-allocator-block-size=16777216"
    "memorysetup-gfx-thread-allocator-block-size=16777216"
    "memorysetup-cache-allocator-block-size=4194304"
    "memorysetup-typetree-allocator-block-size=2097152"
    "memorysetup-profiler-bucket-allocator-granularity=16"
    "memorysetup-profiler-bucket-allocator-bucket-count=8"
    "memorysetup-profiler-bucket-allocator-block-size=33554432"
    "memorysetup-profiler-bucket-allocator-block-count=8"
    "memorysetup-profiler-allocator-block-size=16777216"
    "memorysetup-profiler-editor-allocator-block-size=1048576"
    "memorysetup-temp-allocator-size-main=16777216"
    "memorysetup-job-temp-allocator-block-size=2097152"
    "memorysetup-job-temp-allocator-block-size-background=1048576"
    "memorysetup-job-temp-allocator-reduction-small-platforms=262144"
Player connection [2636]  Target information:

Player connection [2636]  * "[IP] 10.0.0.196 [Port] 0 [Flags] 2 [Guid] 320327150 [EditorId] 320327150 [Version] 1048832 [Id] WindowsEditor(7,Death_Star_II) [Debug] 1 [PackageName] WindowsEditor [ProjectName] Editor" 

Player connection [2636] Host joined multi-casting on [225.0.0.222:54997]...
Player connection [2636] Host joined alternative multi-casting on [225.0.0.222:34997]...
JobSystem: Creating JobQueue using job-worker-count value 5
Input System module state changed to: Initialized.
[Physics::Module] Initialized fallback backend.
[Physics::Module] Id: 0xdecafbad
Library Redirect Path: Library/
Initialising UDS system complete:
  - System type: Client
  - Resource namespace: fd29eeda4578b9e8c90a5dc8a77757db
  - Shared memory size: 1073741824
  - Command buffer id: 1052576
  - Command buffer size: 8192
  - Hashmap size: 4194304
  - Service connected: true
  - Service working directory: Library/DataStore/
[Physics::Module] Selected backend.
[Physics::Module] Name: PhysX
[Physics::Module] Id: 0xf2b8ea05
[Physics::Module] SDK Version: 4.1.2
[Physics::Module] Integration Version: 1.0.0
[Physics::Module] Threading Mode: Multi-Threaded
Refreshing native plugins compatible for Editor in 13.59 ms, found 5 plugins.
Preloading 1 native plugins for Editor in 2.46 ms.
Initialize engine version: 6000.6.0f1 (f7f8ed4d1e24)
[EntityIdStore] init: VM path (explicit commit), pageSize=4096, blockCount=1048576, entitiesPerBlock=256, slots reserved=4294967296 bytes
[Subsystems] Discovering subsystems at path C:/Program Files/Unity/Hub/Editor/6000.6.0f1/Editor/Data/Resources/UnitySubsystems
[Subsystems] Discovering subsystems at path C:/Users/doria/Documents/Game Dev Term 3/Game Programming 2/Demos/Vector Demo/Assets
Forcing GfxDevice: Direct3D 12
GfxDevice: creating device client; kGfxThreadingModeNonThreaded
d3d12: failed to query info queue interface (0x80004002).
Direct3D:
    Version:         Direct3D 12 [level 12.1]
    Renderer:        Intel(R) Iris(R) Xe Graphics (ID=0x46a8)
    Vendor:          Intel
    VRAM:            8029 MB
    App VRAM Budget: 7372 MB
    Driver:          32.0.101.7085
    Unified Memory Architecture
    Cache Coherent UMA
Initialize mono
Mono path[0] = 'C:/Program Files/Unity/Hub/Editor/6000.6.0f1/Editor/Data/Managed'
Mono path[1] = 'C:/Program Files/Unity/Hub/Editor/6000.6.0f1/Editor/Data/BCLExtensions/runtime/netstandard2.1'
Mono path[2] = 'C:/Program Files/Unity/Hub/Editor/6000.6.0f1/Editor/Data/MonoBleedingEdge/lib/mono/unityjit-win32'
Mono config path = 'C:/Program Files/Unity/Hub/Editor/6000.6.0f1/Editor/Data/MonoBleedingEdge/etc'
Using monoOptions --debugger-agent=transport=dt_socket,embedding=1,server=y,suspend=n,address=127.0.0.1:56568
CodeReloadManager initialized
Begin MonoManager ReloadAssembly
Registering precompiled unity dll's ...
Register platform support module: C:/Program Files/Unity/Hub/Editor/6000.6.0f1/Editor/Data/PlaybackEngines/WindowsStandaloneSupport/UnityEditor.WindowsStandalone.Extensions.dll
Registered in 0.003973 seconds.
Native extension for WindowsStandalone target not found
Package Manager log level set to [2]
[Package Manager] Failed to launch server process. Reason: Unity was launched with the -noUpm command-line argument
[Package Manager] Unable to send message (not connected to server process).
[Package Manager] Cannot connect to Unity Package Manager local server
ScheduleIndexationOnStartup MainProcess:False IndexOnStartup:True
Scripting: successfully reloaded assembly
- Finished resetting the current domain, in  0.874 seconds
Domain Reload Profiling: 1473ms
	BeginReloadAssembly (141ms)
	RebuildCommonClasses (5ms)
	RebuildNativeTypeToScriptingClass (16ms)
	initialDomainReloadingComplete (72ms)
	LoadAllAssembliesAndSetupDomain (364ms)
		LoadAssemblies (137ms)
		TypeCache.Refresh (259ms)
			TypeCache.ScanAssembly (243ms)
		AnalyzeDomain (1ms)
	FinalizeReload (875ms)
		SetupLoadedEditorAssemblies (0ms)
			BeforeProcessingInitializeOnLoad (136ms)
			ProcessInitializeOnLoadAttributes (108ms)
			ProcessInitializeOnLoadMethodAttributes (516ms)
Initializing Unity extensions:
[Licensing::Client] Successfully resolved entitlement details
[Licensing::Module] License group:
  Id: 3573470352323-UnityPersXXXX
  Product: Unity Personal
  Type: Assigned
  Expiration: Unlimited
========================================================================
Worker process is ready to serve import requests
Import Worker Mode flag is 0x00
Begin MonoManager ReloadAssembly
Symbol file LoadedFromMemory is not a mono symbol file
'Packages/com.unity.render-pipelines.core/Editor/Deprecated.cs' contains partial class of Unity.Object, exactly 1 of the partial classes needs to be in a file with the same filename. This is to know the one that can be referenced from ie. GameObjects
'Packages/com.unity.render-pipelines.core/Editor/Deprecated.cs' contains partial class of Unity.Object, exactly 1 of the partial classes needs to be in a file with the same filename. This is to know the one that can be referenced from ie. GameObjects
Refreshing native plugins compatible for Editor in 11.90 ms, found 5 plugins.
Native extension for WindowsStandalone target not found
[Package Manager] Failed to launch server process. Reason: Unity was launched with the -noUpm command-line argument
[Package Manager] Unable to send message (not connected to server process).
[Package Manager] Cannot connect to Unity Package Manager local server
Refreshing native plugins compatible for Editor in 2.28 ms, found 5 plugins.
[Package Manager] Failed to launch server process. Reason: Unity was launched with the -noUpm command-line argument
[Package Manager] Unable to send message (not connected to server process).
[Package Manager] Cannot connect to Unity Package Manager local server
ScheduleIndexationOnStartup MainProcess:False IndexOnStartup:True
Scripting: successfully reloaded assembly
- Finished resetting the current domain, in  1.267 seconds
Domain Reload Profiling: 2447ms
	BeginReloadAssembly (237ms)
		DisableScriptedObjects (10ms)
		CreateAndSetChildDomain (34ms)
	RebuildCommonClasses (9ms)
	RebuildNativeTypeToScriptingClass (17ms)
	initialDomainReloadingComplete (62ms)
	LoadAllAssembliesAndSetupDomain (853ms)
		LoadAssemblies (502ms)
		TypeCache.Refresh (220ms)
			TypeCache.ScanAssembly (199ms)
		AnalyzeDomain (93ms)
			BuildScriptInfoCaches (85ms)
			ResolveRequiredComponents (6ms)
	FinalizeReload (1268ms)
		SetupLoadedEditorAssemblies (0ms)
			BeforeProcessingInitializeOnLoad (172ms)
			ProcessInitializeOnLoadAttributes (357ms)
			ProcessInitializeOnLoadMethodAttributes (365ms)
			AfterProcessingInitializeOnLoad (6ms)
		AwakeInstancesAfterBackupRestoration (9ms)
AcceleratorClientConnectionCallback - disconnected - :0
Launched and connected shader compiler UnityShaderCompiler.exe after 0.02 seconds
Refreshing native plugins compatible for Editor in 2.50 ms, found 5 plugins.
Unloading 24 Unused Serialized files (Serialized files now loaded: 0)
Unloading 7673 unused Assets / (5.4 MB). Loaded Objects now: 8584.
Memory consumption went from 377.6 MB to 372.2 MB.
Total: 13.190000 ms (FindLiveObjects: 2.710400 ms CreateObjectMapping: 0.543700 ms MarkObjects: 7.314100 ms  DeleteObjects: 2.245200 ms)

========================================================================
Received Prepare
AcceleratorClientConnectionCallback - disconnected - :0
[Licensing::Client] Successfully resolved entitlement details
Begin MonoManager ReloadAssembly
Symbol file LoadedFromMemory is not a mono symbol file
'Packages/com.unity.render-pipelines.core/Editor/Deprecated.cs' contains partial class of Unity.Object, exactly 1 of the partial classes needs to be in a file with the same filename. This is to know the one that can be referenced from ie. GameObjects
'Packages/com.unity.render-pipelines.core/Editor/Deprecated.cs' contains partial class of Unity.Object, exactly 1 of the partial classes needs to be in a file with the same filename. This is to know the one that can be referenced from ie. GameObjects
Native extension for WindowsStandalone target not found
[Package Manager] Failed to launch server process. Reason: Unity was launched with the -noUpm command-line argument
[Package Manager] Unable to send message (not connected to server process).
[Package Manager] Cannot connect to Unity Package Manager local server
Refreshing native plugins compatible for Editor in 9.33 ms, found 5 plugins.
[Package Manager] Failed to launch server process. Reason: Unity was launched with the -noUpm command-line argument
[Package Manager] Unable to send message (not connected to server process).
[Package Manager] Cannot connect to Unity Package Manager local server
ScheduleIndexationOnStartup MainProcess:False IndexOnStartup:True
Scripting: successfully reloaded assembly
- Finished resetting the current domain, in  3.068 seconds
Domain Reload Profiling: 4450ms
	BeginReloadAssembly (369ms)
		DisableScriptedObjects (17ms)
		CreateAndSetChildDomain (103ms)
	RebuildCommonClasses (13ms)
	RebuildNativeTypeToScriptingClass (25ms)
	initialDomainReloadingComplete (83ms)
	LoadAllAssembliesAndSetupDomain (890ms)
		LoadAssemblies (478ms)
		TypeCache.Refresh (16ms)
		AnalyzeDomain (319ms)
			BuildScriptInfoCaches (309ms)
			ResolveRequiredComponents (7ms)
	FinalizeReload (3071ms)
		SetupLoadedEditorAssemblies (0ms)
			LogAssemblyErrors (4ms)
			InitializePlatformSupportModulesInManaged (4ms)
			BeforeProcessingInitializeOnLoad (439ms)
			ProcessInitializeOnLoadAttributes (877ms)
			ProcessInitializeOnLoadMethodAttributes (1050ms)
			AfterProcessingInitializeOnLoad (22ms)
			EditorAssembliesLoaded (5ms)
		AwakeInstancesAfterBackupRestoration (79ms)
Refreshing native plugins compatible for Editor in 13.89 ms, found 5 plugins.
Unloading 24 Unused Serialized files (Serialized files now loaded: 0)
Unloading 7671 unused Assets / (6.6 MB). Loaded Objects now: 8689.
Memory consumption went from 391.9 MB to 385.3 MB.
Total: 33.859600 ms (FindLiveObjects: 2.769900 ms CreateObjectMapping: 1.701900 ms MarkObjects: 25.022700 ms  DeleteObjects: 3.562300 ms)

Prepare: number of updated asset objects reloaded= 0
========================================================================
Received Prepare
AcceleratorClientConnectionCallback - disconnected - :0
Begin MonoManager ReloadAssembly
Symbol file LoadedFromMemory is not a mono symbol file
'Packages/com.unity.render-pipelines.core/Editor/Deprecated.cs' contains partial class of Unity.Object, exactly 1 of the partial classes needs to be in a file with the same filename. This is to know the one that can be referenced from ie. GameObjects
'Packages/com.unity.render-pipelines.core/Editor/Deprecated.cs' contains partial class of Unity.Object, exactly 1 of the partial classes needs to be in a file with the same filename. This is to know the one that can be referenced from ie. GameObjects
Refreshing native plugins compatible for Editor in 4.55 ms, found 5 plugins.
Native extension for WindowsStandalone target not found
[Package Manager] Failed to launch server process. Reason: Unity was launched with the -noUpm command-line argument
[Package Manager] Unable to send message (not connected to server process).
[Package Manager] Cannot connect to Unity Package Manager local server
Refreshing native plugins compatible for Editor in 3.41 ms, found 5 plugins.
[Package Manager] Failed to launch server process. Reason: Unity was launched with the -noUpm command-line argument
[Package Manager] Unable to send message (not connected to server process).
[Package Manager] Cannot connect to Unity Package Manager local server
ScheduleIndexationOnStartup MainProcess:False IndexOnStartup:True
Scripting: successfully reloaded assembly
- Finished resetting the current domain, in  2.249 seconds
Domain Reload Profiling: 4361ms
	BeginReloadAssembly (548ms)
		DisableScriptedObjects (20ms)
		CreateAndSetChildDomain (121ms)
	RebuildCommonClasses (17ms)
	RebuildNativeTypeToScriptingClass (40ms)
	initialDomainReloadingComplete (141ms)
	LoadAllAssembliesAndSetupDomain (1364ms)
		LoadAssemblies (796ms)
		TypeCache.Refresh (22ms)
		AnalyzeDomain (473ms)
			BuildScriptInfoCaches (456ms)
			ResolveRequiredComponents (14ms)
	FinalizeReload (2251ms)
		SetupLoadedEditorAssemblies (0ms)
			LogAssemblyErrors (4ms)
			InitializePlatformSupportModulesInManaged (5ms)
			BeforeProcessingInitializeOnLoad (548ms)
			ProcessInitializeOnLoadAttributes (490ms)
			ProcessInitializeOnLoadMethodAttributes (645ms)
			AfterProcessingInitializeOnLoad (14ms)
			EditorAssembliesLoaded (3ms)
		AwakeInstancesAfterBackupRestoration (55ms)
Refreshing native plugins compatible for Editor in 5.09 ms, found 5 plugins.
Unloading 24 Unused Serialized files (Serialized files now loaded: 0)
Unloading 7671 unused Assets / (6.5 MB). Loaded Objects now: 8692.
Memory consumption went from 394.9 MB to 388.5 MB.
Total: 18.456600 ms (FindLiveObjects: 1.950700 ms CreateObjectMapping: 0.785500 ms MarkObjects: 12.329000 ms  DeleteObjects: 2.849700 ms)

Prepare: number of updated asset objects reloaded= 0
========================================================================
Received Prepare
AcceleratorClientConnectionCallback - disconnected - :0
Refreshing native plugins compatible for Editor in 2.49 ms, found 5 plugins.
Unloading 24 Unused Serialized files (Serialized files now loaded: 0)
Unloading 24 unused Assets / (3.1 MB). Loaded Objects now: 8692.
Memory consumption went from 391.6 MB to 388.6 MB.
Total: 11.391800 ms (FindLiveObjects: 1.092700 ms CreateObjectMapping: 0.351400 ms MarkObjects: 9.041800 ms  DeleteObjects: 0.488900 ms)

Prepare: number of updated asset objects reloaded= 0
========================================================================
Received Prepare
AcceleratorClientConnectionCallback - disconnected - :0
Refreshing native plugins compatible for Editor in 4.56 ms, found 5 plugins.
Unloading 24 Unused Serialized files (Serialized files now loaded: 0)
Unloading 24 unused Assets / (3.0 MB). Loaded Objects now: 8692.
Memory consumption went from 393.7 MB to 390.8 MB.
Total: 23.082200 ms (FindLiveObjects: 1.631800 ms CreateObjectMapping: 0.386500 ms MarkObjects: 19.756100 ms  DeleteObjects: 0.681900 ms)

Prepare: number of updated asset objects reloaded= 0
========================================================================
Received Prepare
AcceleratorClientConnectionCallback - disconnected - :0
Refreshing native plugins compatible for Editor in 3.97 ms, found 5 plugins.
Unloading 24 Unused Serialized files (Serialized files now loaded: 0)
Unloading 24 unused Assets / (3.1 MB). Loaded Objects now: 8692.
Memory consumption went from 395.8 MB to 392.7 MB.
Total: 16.171600 ms (FindLiveObjects: 2.341000 ms CreateObjectMapping: 0.586600 ms MarkObjects: 11.319500 ms  DeleteObjects: 1.512000 ms)

Prepare: number of updated asset objects reloaded= 0
========================================================================
Received Import Request.
  Time of request: 2026-09-24T00:41:01.5406386Z
  Time since last request: 749334.95367850002367 seconds.
  importAddress: GUID: 282f70d2ddd28124cbf2c5f79b1b2ae1 - Path: Assets/Scripts/State Machine Lab 2/HarvestState.cs - Importer: ScriptedImporter/UnityEditor.QuickSearchModule:UnityEditor.Search:ASIAI0B
Importing 'GUID: 282f70d2ddd28124cbf2c5f79b1b2ae1 - Path: Assets/Scripts/State Machine Lab 2/HarvestState.cs - Importer: ScriptedImporter/UnityEditor.QuickSearchModule:UnityEditor.Search:ASIAI0B' with importer (ScriptedImporter : UnityEditor.QuickSearchModule:UnityEditor.Search:ASIAI0B)
Imported 'GUID: 282f70d2ddd28124cbf2c5f79b1b2ae1' -> (Import Result ID: '33fb6423ced74a43f7e09ca3641f2dc2') in 0.242 seconds [static and dynamic dependencies]. Details - ImportResultOutputID=a4f41cdadbd9383a2325f7fd733c172e DependenciesID=cb530e48e2ccf4dbdfaf12759ac0ad50 StaticDependenciesID=8153e919479c7030f141106bd3a1ebf5 
Number of updated asset objects reloaded before import = 0
Number of asset objects unloaded after import = 0
========================================================================
Received Prepare
AcceleratorClientConnectionCallback - disconnected - :0
'Packages/com.unity.render-pipelines.core/Editor/Deprecated.cs' contains partial class of Unity.Object, exactly 1 of the partial classes needs to be in a file with the same filename. This is to know the one that can be referenced from ie. GameObjects
'Packages/com.unity.render-pipelines.core/Editor/Deprecated.cs' contains partial class of Unity.Object, exactly 1 of the partial classes needs to be in a file with the same filename. This is to know the one that can be referenced from ie. GameObjects
Refreshing native plugins compatible for Editor in 3.50 ms, found 5 plugins.
Unloading 24 Unused Serialized files (Serialized files now loaded: 0)
Unloading 7652 unused Assets / (6.5 MB). Loaded Objects now: 8695.
Memory consumption went from 405.1 MB to 398.6 MB.
Total: 16.982000 ms (FindLiveObjects: 1.469100 ms CreateObjectMapping: 0.665900 ms MarkObjects: 11.073000 ms  DeleteObjects: 3.156400 ms)

Prepare: number of updated asset objects reloaded= 0
========================================================================
Received Prepare
AcceleratorClientConnectionCallback - disconnected - :0
[Licensing::Client] Successfully resolved entitlement details
Begin MonoManager ReloadAssembly
Symbol file LoadedFromMemory is not a mono symbol file
'Packages/com.unity.render-pipelines.core/Editor/Deprecated.cs' contains partial class of Unity.Object, exactly 1 of the partial classes needs to be in a file with the same filename. This is to know the one that can be referenced from ie. GameObjects
'Packages/com.unity.render-pipelines.core/Editor/Deprecated.cs' contains partial class of Unity.Object, exactly 1 of the partial classes needs to be in a file with the same filename. This is to know the one that can be referenced from ie. GameObjects
Refreshing native plugins compatible for Editor in 10.90 ms, found 5 plugins.
Native extension for WindowsStandalone target not found
[Package Manager] Failed to launch server process. Reason: Unity was launched with the -noUpm command-line argument
[Package Manager] Unable to send message (not connected to server process).
[Package Manager] Cannot connect to Unity Package Manager local server
Refreshing native plugins compatible for Editor in 9.70 ms, found 5 plugins.
[Package Manager] Failed to launch server process. Reason: Unity was launched with the -noUpm command-line argument
[Package Manager] Unable to send message (not connected to server process).
[Package Manager] Cannot connect to Unity Package Manager local server
ScheduleIndexationOnStartup MainProcess:False IndexOnStartup:True
Scripting: successfully reloaded assembly
- Finished resetting the current domain, in  4.014 seconds
Domain Reload Profiling: 7078ms
	BeginReloadAssembly (780ms)
		DisableScriptedObjects (35ms)
		CreateAndSetChildDomain (263ms)
	RebuildCommonClasses (21ms)
	RebuildNativeTypeToScriptingClass (39ms)
	initialDomainReloadingComplete (156ms)
	LoadAllAssembliesAndSetupDomain (2063ms)
		LoadAssemblies (1252ms)
		TypeCache.Refresh (34ms)
		AnalyzeDomain (593ms)
			BuildScriptInfoCaches (571ms)
			ResolveRequiredComponents (15ms)
	FinalizeReload (4019ms)
		SetupLoadedEditorAssemblies (0ms)
			LogAssemblyErrors (9ms)
			InitializePlatformSupportModulesInManaged (6ms)
			BeforeProcessingInitializeOnLoad (607ms)
			ProcessInitializeOnLoadAttributes (955ms)
			ProcessInitializeOnLoadMethodAttributes (1260ms)
			AfterProcessingInitializeOnLoad (25ms)
			EditorAssembliesLoaded (5ms)
		AwakeInstancesAfterBackupRestoration (104ms)
Refreshing native plugins compatible for Editor in 8.15 ms, found 5 plugins.
Unloading 24 Unused Serialized files (Serialized files now loaded: 0)
Unloading 7672 unused Assets / (6.3 MB). Loaded Objects now: 8698.
Memory consumption went from 411.8 MB to 405.5 MB.
Total: 24.777600 ms (FindLiveObjects: 3.075200 ms CreateObjectMapping: 1.143400 ms MarkObjects: 16.401700 ms  DeleteObjects: 3.540500 ms)

Prepare: number of updated asset objects reloaded= 0
========================================================================
Received Import Request.
  Time of request: 2026-09-24T00:41:37.3493891Z
  Time since last request: 35.5440973 seconds.
  importAddress: GUID: 6d9416af6eef6ba45a66d1aebb794c7f - Path: Assets/Factory/GenericFactory.cs - Importer: PreviewImporter
Importing 'GUID: 6d9416af6eef6ba45a66d1aebb794c7f - Path: Assets/Factory/GenericFactory.cs - Importer: PreviewImporter' with importer (PreviewImporter)
Imported 'GUID: 6d9416af6eef6ba45a66d1aebb794c7f' -> (Import Result ID: '3dd401c0071f6bd8f6fe1859f5a47321') in 0.033 seconds [static and dynamic dependencies]. Details - ImportResultOutputID=57a0338e39bd59d4cca1d9f622ab5eed DependenciesID=b13ecda18802c0ddc9cdfacfb6feda8f StaticDependenciesID=5b6a7fccf49fa7d5a9a458d8a49c3444 
Number of updated asset objects reloaded before import = 0
Number of asset objects unloaded after import = 0
========================================================================
Received Prepare
AcceleratorClientConnectionCallback - disconnected - :0
'Packages/com.unity.render-pipelines.core/Editor/Deprecated.cs' contains partial class of Unity.Object, exactly 1 of the partial classes needs to be in a file with the same filename. This is to know the one that can be referenced from ie. GameObjects
'Packages/com.unity.render-pipelines.core/Editor/Deprecated.cs' contains partial class of Unity.Object, exactly 1 of the partial classes needs to be in a file with the same filename. This is to know the one that can be referenced from ie. GameObjects
Refreshing native plugins compatible for Editor in 8.28 ms, found 5 plugins.
Unloading 24 Unused Serialized files (Serialized files now loaded: 0)
Unloading 7652 unused Assets / (6.1 MB). Loaded Objects now: 8698.
Memory consumption went from 403.7 MB to 397.6 MB.
Total: 22.712500 ms (FindLiveObjects: 2.281300 ms CreateObjectMapping: 1.253500 ms MarkObjects: 14.852000 ms  DeleteObjects: 3.611400 ms)

Prepare: number of updated asset objects reloaded= 0
========================================================================
Received Prepare
AcceleratorClientConnectionCallback - disconnected - :0
'Packages/com.unity.render-pipelines.core/Editor/Deprecated.cs' contains partial class of Unity.Object, exactly 1 of the partial classes needs to be in a file with the same filename. This is to know the one that can be referenced from ie. GameObjects
'Packages/com.unity.render-pipelines.core/Editor/Deprecated.cs' contains partial class of Unity.Object, exactly 1 of the partial classes needs to be in a file with the same filename. This is to know the one that can be referenced from ie. GameObjects
Refreshing native plugins compatible for Editor in 12.36 ms, found 5 plugins.
Unloading 24 Unused Serialized files (Serialized files now loaded: 0)
Unloading 7653 unused Assets / (8.9 MB). Loaded Objects now: 8699.
Memory consumption went from 405.8 MB to 396.9 MB.
Total: 28.551300 ms (FindLiveObjects: 2.348400 ms CreateObjectMapping: 1.925000 ms MarkObjects: 17.550900 ms  DeleteObjects: 5.900100 ms)

Prepare: number of updated asset objects reloaded= 0
========================================================================
Received Prepare
AcceleratorClientConnectionCallback - disconnected - :0
[Licensing::Client] Successfully resolved entitlement details
Begin MonoManager ReloadAssembly
Symbol file LoadedFromMemory is not a mono symbol file
'Packages/com.unity.render-pipelines.core/Editor/Deprecated.cs' contains partial class of Unity.Object, exactly 1 of the partial classes needs to be in a file with the same filename. This is to know the one that can be referenced from ie. GameObjects
'Packages/com.unity.render-pipelines.core/Editor/Deprecated.cs' contains partial class of Unity.Object, exactly 1 of the partial classes needs to be in a file with the same filename. This is to know the one that can be referenced from ie. GameObjects
Refreshing native plugins compatible for Editor in 2.97 ms, found 5 plugins.
Native extension for WindowsStandalone target not found
[Package Manager] Failed to launch server process. Reason: Unity was launched with the -noUpm command-line argument
[Package Manager] Unable to send message (not connected to server process).
[Package Manager] Cannot connect to Unity Package Manager local server
Refreshing native plugins compatible for Editor in 3.36 ms, found 5 plugins.
[Package Manager] Failed to launch server process. Reason: Unity was launched with the -noUpm command-line argument
[Package Manager] Unable to send message (not connected to server process).
[Package Manager] Cannot connect to Unity Package Manager local server
ScheduleIndexationOnStartup MainProcess:False IndexOnStartup:True
Scripting: successfully reloaded assembly
- Finished resetting the current domain, in  1.504 seconds
Domain Reload Profiling: 3354ms
	BeginReloadAssembly (429ms)
		DisableScriptedObjects (14ms)
		CreateAndSetChildDomain (102ms)
	RebuildCommonClasses (15ms)
	RebuildNativeTypeToScriptingClass (16ms)
	initialDomainReloadingComplete (138ms)
	LoadAllAssembliesAndSetupDomain (1251ms)
		LoadAssemblies (790ms)
		TypeCache.Refresh (31ms)
		AnalyzeDomain (361ms)
			BuildScriptInfoCaches (348ms)
			ResolveRequiredComponents (9ms)
	FinalizeReload (1505ms)
		SetupLoadedEditorAssemblies (0ms)
			LogAssemblyErrors (4ms)
			BeforeProcessingInitializeOnLoad (257ms)
			ProcessInitializeOnLoadAttributes (411ms)
			ProcessInitializeOnLoadMethodAttributes (393ms)
			AfterProcessingInitializeOnLoad (8ms)
		AwakeInstancesAfterBackupRestoration (30ms)
Refreshing native plugins compatible for Editor in 3.45 ms, found 5 plugins.
Unloading 24 Unused Serialized files (Serialized files now loaded: 0)
Unloading 7673 unused Assets / (5.0 MB). Loaded Objects now: 8702.
Memory consumption went from 412.6 MB to 407.6 MB.
Total: 12.649200 ms (FindLiveObjects: 2.174400 ms CreateObjectMapping: 0.856700 ms MarkObjects: 7.535000 ms  DeleteObjects: 1.731100 ms)

Prepare: number of updated asset objects reloaded= 0
========================================================================
Received Prepare
AcceleratorClientConnectionCallback - disconnected - :0
[Licensing::Client] Successfully resolved entitlement details
Begin MonoManager ReloadAssembly
Symbol file LoadedFromMemory is not a mono symbol file
'Packages/com.unity.render-pipelines.core/Editor/Deprecated.cs' contains partial class of Unity.Object, exactly 1 of the partial classes needs to be in a file with the same filename. This is to know the one that can be referenced from ie. GameObjects
'Packages/com.unity.render-pipelines.core/Editor/Deprecated.cs' contains partial class of Unity.Object, exactly 1 of the partial classes needs to be in a file with the same filename. This is to know the one that can be referenced from ie. GameObjects
Refreshing native plugins compatible for Editor in 8.66 ms, found 5 plugins.
Native extension for WindowsStandalone target not found
[Package Manager] Failed to launch server process. Reason: Unity was launched with the -noUpm command-line argument
[Package Manager] Unable to send message (not connected to server process).
[Package Manager] Cannot connect to Unity Package Manager local server
Refreshing native plugins compatible for Editor in 10.11 ms, found 5 plugins.
[Package Manager] Failed to launch server process. Reason: Unity was launched with the -noUpm command-line argument
[Package Manager] Unable to send message (not connected to server process).
[Package Manager] Cannot connect to Unity Package Manager local server
ScheduleIndexationOnStartup MainProcess:False IndexOnStartup:True
Scripting: successfully reloaded assembly
- Finished resetting the current domain, in  3.060 seconds
Domain Reload Profiling: 5832ms
	BeginReloadAssembly (661ms)
		DisableScriptedObjects (30ms)
		CreateAndSetChildDomain (154ms)
	RebuildCommonClasses (22ms)
	RebuildNativeTypeToScriptingClass (49ms)
	initialDomainReloadingComplete (181ms)
	LoadAllAssembliesAndSetupDomain (1855ms)
		LoadAssemblies (1011ms)
		TypeCache.Refresh (21ms)
		AnalyzeDomain (640ms)
			BuildScriptInfoCaches (622ms)
			ResolveRequiredComponents (14ms)
	FinalizeReload (3063ms)
		SetupLoadedEditorAssemblies (0ms)
			LogAssemblyErrors (7ms)
			InitializePlatformSupportModulesInManaged (6ms)
			BeforeProcessingInitializeOnLoad (488ms)
			ProcessInitializeOnLoadAttributes (818ms)
			ProcessInitializeOnLoadMethodAttributes (878ms)
			AfterProcessingInitializeOnLoad (21ms)
			EditorAssembliesLoaded (5ms)
		AwakeInstancesAfterBackupRestoration (74ms)
Refreshing native plugins compatible for Editor in 14.60 ms, found 5 plugins.
Unloading 24 Unused Serialized files (Serialized files now loaded: 0)
Unloading 7677 unused Assets / (6.5 MB). Loaded Objects now: 8709.
Memory consumption went from 419.1 MB to 412.6 MB.
Total: 24.096800 ms (FindLiveObjects: 2.851600 ms CreateObjectMapping: 1.446800 ms MarkObjects: 14.913000 ms  DeleteObjects: 4.361100 ms)

Prepare: number of updated asset objects reloaded= 0
========================================================================
Received Prepare
AcceleratorClientConnectionCallback - disconnected - :0
[Licensing::Client] Successfully resolved entitlement details
Begin MonoManager ReloadAssembly
Symbol file LoadedFromMemory is not a mono symbol file
'Packages/com.unity.render-pipelines.core/Editor/Deprecated.cs' contains partial class of Unity.Object, exactly 1 of the partial classes needs to be in a file with the same filename. This is to know the one that can be referenced from ie. GameObjects
'Packages/com.unity.render-pipelines.core/Editor/Deprecated.cs' contains partial class of Unity.Object, exactly 1 of the partial classes needs to be in a file with the same filename. This is to know the one that can be referenced from ie. GameObjects
Refreshing native plugins compatible for Editor in 2.04 ms, found 5 plugins.
Native extension for WindowsStandalone target not found
[Package Manager] Failed to launch server process. Reason: Unity was launched with the -noUpm command-line argument
[Package Manager] Unable to send message (not connected to server process).
[Package Manager] Cannot connect to Unity Package Manager local server
Refreshing native plugins compatible for Editor in 4.28 ms, found 5 plugins.
[Package Manager] Failed to launch server process. Reason: Unity was launched with the -noUpm command-line argument
[Package Manager] Unable to send message (not connected to server process).
[Package Manager] Cannot connect to Unity Package Manager local server
ScheduleIndexationOnStartup MainProcess:False IndexOnStartup:True
Scripting: successfully reloaded assembly
- Finished resetting the current domain, in  1.269 seconds
Domain Reload Profiling: 3329ms
	BeginReloadAssembly (833ms)
		DisableScriptedObjects (67ms)
		CreateAndSetChildDomain (295ms)
	RebuildCommonClasses (20ms)
	RebuildNativeTypeToScriptingClass (38ms)
	initialDomainReloadingComplete (121ms)
	LoadAllAssembliesAndSetupDomain (1047ms)
		LoadAssemblies (747ms)
		TypeCache.Refresh (27ms)
		AnalyzeDomain (323ms)
			BuildScriptInfoCaches (313ms)
			ResolveRequiredComponents (6ms)
	FinalizeReload (1270ms)
		SetupLoadedEditorAssemblies (0ms)
			LogAssemblyErrors (3ms)
			BeforeProcessingInitializeOnLoad (210ms)
			ProcessInitializeOnLoadAttributes (380ms)
			ProcessInitializeOnLoadMethodAttributes (353ms)
			AfterProcessingInitializeOnLoad (5ms)
		AwakeInstancesAfterBackupRestoration (31ms)
Refreshing native plugins compatible for Editor in 2.54 ms, found 5 plugins.
Unloading 24 Unused Serialized files (Serialized files now loaded: 0)
Unloading 7677 unused Assets / (5.0 MB). Loaded Objects now: 8712.
Memory consumption went from 425.7 MB to 420.7 MB.
Total: 13.577100 ms (FindLiveObjects: 2.264600 ms CreateObjectMapping: 1.014600 ms MarkObjects: 8.026800 ms  DeleteObjects: 1.908500 ms)

Prepare: number of updated asset objects reloaded= 0
========================================================================
Received Prepare
AcceleratorClientConnectionCallback - disconnected - :0
[Licensing::Client] Successfully resolved entitlement details
Begin MonoManager ReloadAssembly
Symbol file LoadedFromMemory is not a mono symbol file
'Packages/com.unity.render-pipelines.core/Editor/Deprecated.cs' contains partial class of Unity.Object, exactly 1 of the partial classes needs to be in a file with the same filename. This is to know the one that can be referenced from ie. GameObjects
'Packages/com.unity.render-pipelines.core/Editor/Deprecated.cs' contains partial class of Unity.Object, exactly 1 of the partial classes needs to be in a file with the same filename. This is to know the one that can be referenced from ie. GameObjects
Refreshing native plugins compatible for Editor in 3.68 ms, found 5 plugins.
Native extension for WindowsStandalone target not found
[Package Manager] Failed to launch server process. Reason: Unity was launched with the -noUpm command-line argument
[Package Manager] Unable to send message (not connected to server process).
[Package Manager] Cannot connect to Unity Package Manager local server
Refreshing native plugins compatible for Editor in 2.17 ms, found 5 plugins.
[Package Manager] Failed to launch server process. Reason: Unity was launched with the -noUpm command-line argument
[Package Manager] Unable to send message (not connected to server process).
[Package Manager] Cannot connect to Unity Package Manager local server
ScheduleIndexationOnStartup MainProcess:False IndexOnStartup:True
Scripting: successfully reloaded assembly
- Finished resetting the current domain, in  1.159 seconds
Domain Reload Profiling: 2647ms
	BeginReloadAssembly (361ms)
		DisableScriptedObjects (16ms)
		CreateAndSetChildDomain (100ms)
	RebuildCommonClasses (15ms)
	RebuildNativeTypeToScriptingClass (27ms)
	initialDomainReloadingComplete (83ms)
	LoadAllAssembliesAndSetupDomain (1000ms)
		LoadAssemblies (498ms)
		TypeCache.Refresh (13ms)
		AnalyzeDomain (389ms)
			BuildScriptInfoCaches (367ms)
			ResolveRequiredComponents (18ms)
	FinalizeReload (1160ms)
		SetupLoadedEditorAssemblies (0ms)
			LogAssemblyErrors (4ms)
			InitializePlatformSupportModulesInManaged (5ms)
			BeforeProcessingInitializeOnLoad (211ms)
			ProcessInitializeOnLoadAttributes (275ms)
			ProcessInitializeOnLoadMethodAttributes (311ms)
			AfterProcessingInitializeOnLoad (7ms)
		AwakeInstancesAfterBackupRestoration (26ms)
Refreshing native plugins compatible for Editor in 2.23 ms, found 5 plugins.
Unloading 24 Unused Serialized files (Serialized files now loaded: 0)
Unloading 7677 unused Assets / (5.7 MB). Loaded Objects now: 8715.
Memory consumption went from 432.0 MB to 426.3 MB.
Total: 12.041200 ms (FindLiveObjects: 1.518000 ms CreateObjectMapping: 0.508100 ms MarkObjects: 7.588900 ms  DeleteObjects: 2.041700 ms)

Prepare: number of updated asset objects reloaded= 0
========================================================================
Received Import Request.
  Time of request: 2026-09-24T01:31:33.4584979Z
  Time since last request: 2995.96403770000006 seconds.
  importAddress: GUID: 6bf8e5d15a1d1a54dabf272311de0489 - Path: Assets/Factory/Projectile.cs - Importer: ScriptedImporter/UnityEditor.QuickSearchModule:UnityEditor.Search:ASIAI0B
Importing 'GUID: 6bf8e5d15a1d1a54dabf272311de0489 - Path: Assets/Factory/Projectile.cs - Importer: ScriptedImporter/UnityEditor.QuickSearchModule:UnityEditor.Search:ASIAI0B' with importer (ScriptedImporter : UnityEditor.QuickSearchModule:UnityEditor.Search:ASIAI0B)
Imported 'GUID: 6bf8e5d15a1d1a54dabf272311de0489' -> (Import Result ID: 'f8accabf87bd21f45e8d9f8a3b76a06d') in 0.217 seconds [static and dynamic dependencies]. Details - ImportResultOutputID=2e143837f83533b28f17834098170f18 DependenciesID=c37cea1e5bff148bfbbf0e7673c81da5 StaticDependenciesID=ea5c4fc2b9e6c2f6e155c91106a6014c 
Number of updated asset objects reloaded before import = 0
Number of asset objects unloaded after import = 0
========================================================================
Received Import Request.
  Time of request: 2026-09-24T01:31:33.7102793Z
  Time since last request: 0.0019902 seconds.
  importAddress: GUID: 03de4a808fdf12047bec2e27b2e44391 - Path: Assets/Factory/Spawner.cs - Importer: ScriptedImporter/UnityEditor.QuickSearchModule:UnityEditor.Search:ASIAI0B
Importing 'GUID: 03de4a808fdf12047bec2e27b2e44391 - Path: Assets/Factory/Spawner.cs - Importer: ScriptedImporter/UnityEditor.QuickSearchModule:UnityEditor.Search:ASIAI0B' with importer (ScriptedImporter : UnityEditor.QuickSearchModule:UnityEditor.Search:ASIAI0B)
Imported 'GUID: 03de4a808fdf12047bec2e27b2e44391' -> (Import Result ID: '50ac69a8b0521688ce51abcfd5828133') in 0.040 seconds [static and dynamic dependencies]. Details - ImportResultOutputID=5431e78484a42c9e25646f9fc25e7e96 DependenciesID=90cf9a3db33ea34d0890bcf72f77f80f StaticDependenciesID=1c96fcaa8a6b109c1e5c83b780abf1be 
Number of updated asset objects reloaded before import = 0
Number of asset objects unloaded after import = 0
========================================================================
Received Import Request.
  Time of request: 2026-09-24T01:31:33.7898Z
  Time since last request: 0.0022642 seconds.
  importAddress: GUID: ba7027d21b4620d49a2122b5455f1311 - Path: Assets/Factory/Spell.cs - Importer: ScriptedImporter/UnityEditor.QuickSearchModule:UnityEditor.Search:ASIAI0B
Importing 'GUID: ba7027d21b4620d49a2122b5455f1311 - Path: Assets/Factory/Spell.cs - Importer: ScriptedImporter/UnityEditor.QuickSearchModule:UnityEditor.Search:ASIAI0B' with importer (ScriptedImporter : UnityEditor.QuickSearchModule:UnityEditor.Search:ASIAI0B)
Imported 'GUID: ba7027d21b4620d49a2122b5455f1311' -> (Import Result ID: '8a4c1790e4105725817391e91a89e565') in 0.008 seconds [static and dynamic dependencies]. Details - ImportResultOutputID=97a480a8d63e501d0bb3f22879ec3c22 DependenciesID=870e6073f17c00a1293a98f23a8d93d9 StaticDependenciesID=fdc9eb3359d578c970426eeaa06dfe50 
Number of updated asset objects reloaded before import = 0
Number of asset objects unloaded after import = 0
========================================================================
Received Prepare
AcceleratorClientConnectionCallback - disconnected - :0
Refreshing native plugins compatible for Editor in 5.51 ms, found 5 plugins.
Unloading 24 Unused Serialized files (Serialized files now loaded: 0)
Unloading 27 unused Assets / (3.1 MB). Loaded Objects now: 8715.
Memory consumption went from 413.8 MB to 410.7 MB.
Total: 30.622000 ms (FindLiveObjects: 2.186000 ms CreateObjectMapping: 1.075600 ms MarkObjects: 25.563700 ms  DeleteObjects: 0.932200 ms)

Prepare: number of updated asset objects reloaded= 0
========================================================================
Received Import Request.
  Time of request: 2026-09-24T01:31:38.6268555Z
  Time since last request: 4.7768041 seconds.
  importAddress: GUID: 9ee68089f270a8b49a539fa76452cf73 - Path: Assets/Prefabs - Importer: ScriptedImporter/UnityEditor.QuickSearchModule:UnityEditor.Search:ASIAI0B
Importing 'GUID: 9ee68089f270a8b49a539fa76452cf73 - Path: Assets/Prefabs - Importer: ScriptedImporter/UnityEditor.QuickSearchModule:UnityEditor.Search:ASIAI0B' with importer (ScriptedImporter : UnityEditor.QuickSearchModule:UnityEditor.Search:ASIAI0B)
Imported 'GUID: 9ee68089f270a8b49a539fa76452cf73' -> (Import Result ID: 'cb6fd6e89d43793135c7a86a6a029200') in 0.008 seconds [static and dynamic dependencies]. Details - ImportResultOutputID=1e6c504ac234a01156968385a4a97a82 DependenciesID=a39784434c27adfdf51f7b0c5301ff26 StaticDependenciesID=5b16483ea4cb40797d34534b75c67a57 
Number of updated asset objects reloaded before import = 0
Number of asset objects unloaded after import = 1
Editor requested this worker to shutdown with reason: Scaling down because of idle timeout
AcceleratorClientConnectionCallback - disconnected - :0
AssetImportWorker is now disconnected from the server
Process exiting
[ExitDontLaunchBugReporter] Exiting without the bug reporter. Application will exit with return code 0
